2026-09-08T10:23:49.115Z [sni] == sni start 2026-09-08T10:23:49.083Z tip=b53968ca3b1b-dirty out=smoke-20260908T0905Z/layer1-a-n0
2026-09-08T10:23:49.116Z [sni] args {"probe":"127.0.0.1","api-port":8443,"key":"<set>","out":"smoke-20260908T0905Z/layer1-a-n0","tip":null,"allow-busy":false,"skip-host-checks":false,"blocked":"ads.smoke.test","allowed":"example.com","port":8444,"attempts":5,"timeout":5000}
2026-09-08T10:23:49.370Z [sni] Get-NetConnectionProfile: Ethernet                Public
2026-09-08T10:23:49.716Z [sni] idle check: PASS (recorded; each stage decides)
2026-09-08T10:23:49.724Z [sni] GET /health -> 200 {"status":"ok","version":"0.3.3","uptime_seconds":1}
2026-09-08T10:23:49.727Z [sni] config snapshot -> smoke-20260908T0905Z\layer1-a-n0\config.json
2026-09-08T10:23:49.730Z [sni] engine.mode = dns+http+https
2026-09-08T10:23:49.730Z [sni] runtime.http_runtimes = 0 (every HTTPS figure records it — plan §The N axis)
2026-09-08T10:23:49.730Z [sni] https.sni.no_sni = pass
2026-09-08T10:23:49.734Z [sni] blocked  #1 closed_silent bytes=0 close=0.661ms
2026-09-08T10:23:49.767Z [sni] allowed  #1 server_hello  bytes=3934 close=32.417ms
2026-09-08T10:23:49.768Z [sni] no_sni   #1 closed_silent bytes=0 close=0.382ms
2026-09-08T10:23:49.768Z [sni] blocked  #2 closed_silent bytes=0 close=0.346ms
2026-09-08T10:23:49.779Z [sni] allowed  #2 server_hello  bytes=3934 close=10.513ms
2026-09-08T10:23:49.780Z [sni] no_sni   #2 closed_silent bytes=0 close=0.432ms
2026-09-08T10:23:49.781Z [sni] blocked  #3 closed_silent bytes=0 close=0.267ms
2026-09-08T10:23:49.809Z [sni] allowed  #3 server_hello  bytes=3935 close=27.372ms
2026-09-08T10:23:49.810Z [sni] no_sni   #3 closed_silent bytes=0 close=0.778ms
2026-09-08T10:23:49.812Z [sni] blocked  #4 closed_silent bytes=0 close=0.543ms
2026-09-08T10:23:49.840Z [sni] allowed  #4 server_hello  bytes=3935 close=28.04ms
2026-09-08T10:23:49.842Z [sni] no_sni   #4 closed_silent bytes=0 close=0.633ms
2026-09-08T10:23:49.842Z [sni] blocked  #5 closed_silent bytes=0 close=0.289ms
2026-09-08T10:23:49.871Z [sni] allowed  #5 server_hello  bytes=3934 close=28.103ms
2026-09-08T10:23:49.873Z [sni] no_sni   #5 closed_silent bytes=0 close=0.918ms
2026-09-08T10:23:49.875Z [sni] listeners.https delta {"connections":15,"requests":15,"blocked":5,"refused_claim":0,"refused_destination":0,"resolve_failures":0,"upstream_failures":0,"upstream_cert_failures":0,"non_http":0,"non_tls":0,"hello_timeouts":0,"dropped_events":0}
2026-09-08T10:23:49.875Z [sni] wrote smoke-20260908T0905Z\layer1-a-n0\sni.json
2026-09-08T10:23:49.876Z [sni] GATE {"statistic":"every blocked and no-SNI attempt closed before a certificate (boolean)","blocked_closed":true,"no_sni_closed":true,"allowed_opened":true,"pass":true}
2026-09-08T10:23:49.876Z [sni] == sni done (valid)
2026-09-08T10:25:40.612Z [p1] == p1 start 2026-09-08T10:25:40.581Z tip=b53968ca3b1b-dirty out=smoke-20260908T0905Z/layer1-a-n0
2026-09-08T10:25:40.613Z [p1] args {"probe":"127.0.0.1","api-port":8443,"key":"<set>","out":"smoke-20260908T0905Z/layer1-a-n0","tip":null,"allow-busy":false,"skip-host-checks":false,"origin":"127-0-0-1.nip.io","origin-ip":null,"origin-port":443,"origin-cert":"smoke-20260908T0905Z/work/p1.crt","port":8444,"bytes":8,"runs":5,"connections":1,"direct":false,"control":"smoke-20260908T0905Z/layer1-a-n0/p1-control.json","profile-share":null,"timeout":120000,"max-fail-pct":2}
2026-09-08T10:25:40.881Z [p1] Get-NetConnectionProfile: Ethernet                Public
2026-09-08T10:25:41.248Z [p1] idle check: PASS (recorded; each stage decides)
2026-09-08T10:25:41.255Z [p1] GET /health -> 200 {"status":"ok","version":"0.3.3","uptime_seconds":0}
2026-09-08T10:25:41.258Z [p1] engine.mode = dns+http+https
2026-09-08T10:25:41.258Z [p1] runtime.http_runtimes = 0 (every HTTPS figure records it — plan §The N axis)
2026-09-08T10:25:41.263Z [p1] origin 127-0-0-1.nip.io resolves locally to 127.0.0.1
2026-09-08T10:25:41.263Z [p1] egress.allow_destinations = ["127.0.0.0/8"]
2026-09-08T10:25:41.264Z [p1] arm=spliced target=127.0.0.1:8444 sni=127-0-0-1.nip.io expected=8 MiB x 1 conn x 5 runs
2026-09-08T10:25:41.284Z [p1] run 1: ok=1/1 steady=913.555 MiB/s total=479.501 aggregate=913.576 hs=3.729ms
2026-09-08T10:25:41.321Z [p1] run 2: ok=1/1 steady=451.671 MiB/s total=231.475 aggregate=451.661 hs=12.613ms
2026-09-08T10:25:41.336Z [p1] run 3: ok=1/1 steady=1292.616 MiB/s total=615.669 aggregate=1292.595 hs=2.633ms
2026-09-08T10:25:41.385Z [p1] run 4: ok=1/1 steady=259.96 MiB/s total=166.785 aggregate=259.955 hs=12.927ms
2026-09-08T10:25:41.404Z [p1] run 5: ok=1/1 steady=899.786 MiB/s total=465.793 aggregate=899.837 hs=2.848ms
2026-09-08T10:25:41.406Z [p1] listeners.https delta {"connections":5,"requests":5,"blocked":0,"refused_claim":0,"refused_destination":0,"resolve_failures":0,"upstream_failures":0,"upstream_cert_failures":0,"non_http":0,"non_tls":0,"hello_timeouts":0,"dropped_events":0}
2026-09-08T10:25:41.407Z [p1] wrote smoke-20260908T0905Z\layer1-a-n0\p1.json
2026-09-08T10:25:41.407Z [p1] GATE {"statistic":"median of runs steady MiB/s >= 100 and inside P1-control min-max","median_steady_mib_s":899.786,"at_least_100":true,"band":{"min":668.952,"p50":863.838,"max":1170.618,"source":"smoke-20260908T0905Z/layer1-a-n0/p1-control.json"},"inside_band":true,"pass":true}
2026-09-08T10:25:41.407Z [p1] == p1 done (valid)
2026-09-08T10:27:22.067Z [p1] == p1 start 2026-09-08T10:27:22.036Z tip=b53968ca3b1b-dirty out=smoke-20260908T0905Z/layer1-a-n0
2026-09-08T10:27:22.068Z [p1] args {"probe":"127.0.0.1","api-port":8443,"key":"<set>","out":"smoke-20260908T0905Z/layer1-a-n0","tip":null,"allow-busy":false,"skip-host-checks":false,"origin":"127-0-0-1.nip.io","origin-ip":null,"origin-port":443,"origin-cert":"smoke-20260908T0905Z/work/p1.crt","port":8444,"bytes":8,"runs":5,"connections":1,"direct":false,"control":"smoke-20260908T0905Z/layer1-a-n0/p1-control.json","profile-share":null,"timeout":120000,"max-fail-pct":2}
2026-09-08T10:27:22.373Z [p1] Get-NetConnectionProfile: Ethernet                Public
2026-09-08T10:27:22.726Z [p1] idle check: PASS (recorded; each stage decides)
2026-09-08T10:27:22.734Z [p1] GET /health -> 200 {"status":"ok","version":"0.3.3","uptime_seconds":0}
2026-09-08T10:27:22.737Z [p1] engine.mode = dns+http+https
2026-09-08T10:27:22.737Z [p1] runtime.http_runtimes = 0 (every HTTPS figure records it — plan §The N axis)
2026-09-08T10:27:22.743Z [p1] origin 127-0-0-1.nip.io resolves locally to 127.0.0.1
2026-09-08T10:27:22.743Z [p1] egress.allow_destinations = ["127.0.0.0/8"]
2026-09-08T10:27:22.743Z [p1] arm=spliced target=127.0.0.1:8444 sni=127-0-0-1.nip.io expected=8 MiB x 1 conn x 5 runs
2026-09-08T10:27:22.773Z [p1] run 1: ok=1/1 steady=445.583 MiB/s total=308.202 aggregate=445.586 hs=3.544ms
2026-09-08T10:27:22.789Z [p1] run 2: ok=1/1 steady=1119.821 MiB/s total=572.123 aggregate=1119.805 hs=2.741ms
2026-09-08T10:27:22.804Z [p1] run 3: ok=1/1 steady=1237.241 MiB/s total=581.311 aggregate=1237.222 hs=3.14ms
2026-09-08T10:27:22.828Z [p1] run 4: ok=1/1 steady=1268.231 MiB/s total=364.964 aggregate=1268.171 hs=11.575ms
2026-09-08T10:27:22.842Z [p1] run 5: ok=1/1 steady=1253.918 MiB/s total=606.244 aggregate=1253.938 hs=2.63ms
2026-09-08T10:27:22.846Z [p1] listeners.https delta {"connections":5,"requests":5,"blocked":0,"refused_claim":0,"refused_destination":0,"resolve_failures":0,"upstream_failures":0,"upstream_cert_failures":0,"non_http":0,"non_tls":0,"hello_timeouts":0,"dropped_events":0}
2026-09-08T10:27:22.847Z [p1] wrote smoke-20260908T0905Z\layer1-a-n0\p1.json
2026-09-08T10:27:22.847Z [p1] GATE {"statistic":"median of runs steady MiB/s >= 0.9 x P1-control median (testing plan delta 1)","median_steady_mib_s":1237.241,"band":{"min":668.952,"p50":863.838,"max":1170.618,"source":"smoke-20260908T0905Z/layer1-a-n0/p1-control.json"},"floor_mib_s":777.454,"ratio_to_control":1.4323,"absolute_mib_s":1237.241,"pass":true}
2026-09-08T10:27:22.847Z [p1] == p1 done (valid)
2026-09-08T10:41:50.828Z [p10-domains] == p10-domains start 2026-09-08T10:41:50.796Z tip=b53968ca3b1b-dirty out=smoke-20260908T0905Z/layer1-a-n0
2026-09-08T10:41:50.829Z [p10-domains] args {"probe":"127.0.0.1","api-port":8443,"key":"<set>","out":"smoke-20260908T0905Z/layer1-a-n0","tip":null,"allow-busy":true,"skip-host-checks":false,"n":0,"arm":["close","mixed","tls-spliced"],"origin":"127-0-0-1.nip.io","origin-http-port":80,"origin-https-port":443,"port":8080,"https-port":8444,"files":["1k.bin","10k.bin","50k.bin"],"blocked":"ads.smoke.test","ca":"smoke-20260908T0905Z/work/smoke-ca.pem","intercepted-ssh":null,"intercepted-ca":null,"intercepted-oha":"oha","concurrency":8,"duration":15,"worker-threads":4,"ka-requests":20,"connrate-workers":6,"dns-qps":300,"dns-port":5300,"single-path":"/100mb.bin","single-n":5,"par-path":"/10mb.bin","par-n":40,"par-c":8,"sample-interval":2,"tail-min":0,"transfers-tail-min":0,"driver":"auto","skip-issuer-sample":false,"oha":"oha","max-fail-pct":2}
2026-09-08T10:41:51.150Z [p10-domains] Get-NetConnectionProfile: Ethernet                Public
2026-09-08T10:41:51.539Z [p10-domains] idle check: FAIL brave (recorded; each stage decides)
2026-09-08T10:41:51.546Z [p10-domains] GET /health -> 200 {"status":"ok","version":"0.3.3","uptime_seconds":1}
2026-09-08T10:41:51.550Z [p10-domains] engine.mode = dns+http+https
2026-09-08T10:41:51.550Z [p10-domains] runtime.http_runtimes = 0 (every HTTPS figure records it — plan §The N axis)
2026-09-08T10:41:51.550Z [p10-domains] degraded: host not idle: brave
2026-09-08T10:41:51.567Z [p10-domains] oha 1.16.0 on this host; --worker-threads 4
2026-09-08T10:41:51.567Z [p10-domains] == arm close start
2026-09-08T10:41:51.573Z [p10-domains] close-http: oha --no-tui --output-format json --worker-threads 4 -z 15s -c 8 --disable-keepalive -H Host: 127-0-0-1.nip.io --rand-regex-url http://127.0.0.1:8080/(1k[.]bin|10k[.]bin|50k[.]bin)
2026-09-08T10:42:06.656Z [p10-domains] close-http: requests=22663 failed=7 rps=1510.1 p50/p95/p99=1.469/21.331/30.879 ms 502=0 MiB/s=30.26 errors={"aborted due to deadline":7}
2026-09-08T10:42:06.662Z [p10-domains] degraded: cpu_user_ms / cpu_system_ms are null on this probe (the kernel reading exists in-container only) — no cores figure
2026-09-08T10:42:06.663Z [p10-domains] close: wall=15.1s cores=- ms/req=- ΔRSS end=- max=- MiB (floor - MiB)
2026-09-08T10:42:06.836Z [p10-domains] netstat failed: spawnSync netstat ENOBUFS
2026-09-08T10:42:08.860Z [p10-domains] mixed-dns: warm: 25/25 names answered
2026-09-08T10:42:08.860Z [p10-domains] == arm mixed start
2026-09-08T10:42:08.865Z [p10-domains] mixed-http: oha --no-tui --output-format json --worker-threads 4 -z 15s -c 8 --disable-keepalive -H Host: 127-0-0-1.nip.io --rand-regex-url http://127.0.0.1:8080/(1k[.]bin|10k[.]bin|50k[.]bin)
2026-09-08T10:42:18.874Z [p10-domains] mixed-dns: t=10s sent=3001 qps=300 timeouts=0 unmatched=0
2026-09-08T10:42:23.910Z [p10-domains] mixed-http: requests=27099 failed=10 rps=1805.7 p50/p95/p99=1.318/20.671/30.409 ms 502=0 MiB/s=35.38 errors={"An operation on a socket could not be performed because the system lacked sufficient buffer space or because a queue was full. (os error 10055)":2,"aborted due to deadline":8}
2026-09-08T10:42:23.914Z [p10-domains] mixed: wall=15s cores=- ms/req=- ΔRSS end=- max=- MiB (floor - MiB)
2026-09-08T10:42:24.085Z [p10-domains] netstat failed: spawnSync netstat ENOBUFS
2026-09-08T10:42:24.085Z [p10-domains] mixed-dns: sent=4500/4500 qps=300 p50/p95/p99=0.271/10.131/12.658 ms timeouts=0 unmatched=0 blocked→0.0.0.0=883/883
2026-09-08T10:42:26.113Z [p10-domains] tls-spliced: issuer sample before from local: issuer=smoke-origin subject=smoke-origin TLSv1.3 → leg=spliced expected=spliced
2026-09-08T10:42:26.114Z [p10-domains] == arm tls-spliced start
2026-09-08T10:42:26.121Z [p10-domains] tls-spliced: oha --no-tui --output-format json --worker-threads 4 -z 15s -c 8 --disable-keepalive --connect-to 127-0-0-1.nip.io:443:127.0.0.1:8444 --insecure https://127-0-0-1.nip.io:443/1k.bin
2026-09-08T10:42:41.164Z [p10-domains] tls-spliced: requests=10648 failed=10 rps=709.8 p50/p95/p99=3.902/36.483/47.12 ms 502=0 MiB/s=0.69 errors={"An operation on a socket could not be performed because the system lacked sufficient buffer space or because a queue was full. (os error 10055)":2,"aborted due to deadline":8}
2026-09-08T10:42:41.175Z [p10-domains] tls-spliced: wall=15s cores=- ms/req=- ΔRSS end=- max=- MiB (floor - MiB)
2026-09-08T10:42:41.351Z [p10-domains] netstat failed: spawnSync netstat ENOBUFS
2026-09-08T10:42:41.377Z [p10-domains] tls-spliced: issuer sample after from local: issuer=smoke-origin subject=smoke-origin TLSv1.3 → leg=spliced expected=spliced
2026-09-08T10:42:41.379Z [p10-domains] tls-spliced-blocked: issuer sample before from local: issuer=none subject=-  → leg=unknown expected=spliced error=ECONNRESET
2026-09-08T10:42:41.379Z [p10-domains] == arm tls-spliced-blocked start
2026-09-08T10:42:41.383Z [p10-domains] tls-spliced-blocked: oha --no-tui --output-format json --worker-threads 4 -z 15s -c 8 --disable-keepalive --connect-to ads.smoke.test:443:127.0.0.1:8444 --insecure https://ads.smoke.test:443/1k.bin
2026-09-08T10:42:56.423Z [p10-domains] tls-spliced-blocked: requests=0 failed=157114 rps=10466.5 p50/p95/p99=null/null/null ms 502=0 MiB/s=0 errors={"Only one usage of each socket address (protocol/network address/port) is normally permitted. (os error 10048)":19,"aborted due to deadline":6,"tls handshake eof":157089}
2026-09-08T10:42:56.427Z [p10-domains] tls-spliced-blocked: wall=15s cores=- ms/req=- ΔRSS end=- max=- MiB (floor - MiB)
2026-09-08T10:42:56.608Z [p10-domains] netstat failed: spawnSync netstat ENOBUFS
2026-09-08T10:42:56.608Z [p10-domains] degraded: tls-spliced-blocked: listeners.https.blocked moved by 157091 for 157108 attempts that reached the listener (6 abandoned at the client deadline) — closes were not SNI verdicts
2026-09-08T10:42:58.614Z [p10-domains] wrote smoke-20260908T0905Z\layer1-a-n0\p10-N0.json
2026-09-08T10:42:58.614Z [p10-domains] GATE (degraded, not a gate) {"statistic":"none — P10 proposes an N against the phase-2.6 criterion; the owner decides","n":0,"per_arm":{"close":{"status":"valid","rps":1510.1,"conns_per_s":null,"p50_ms":1.469,"p95_ms":21.331,"p99_ms":30.879,"cores":null,"cpu_ms_per_request":null,"count_502":0,"delta_rss_end_mib":null,"dns_p99_ms":null},"mixed":{"status":"valid","rps":1805.7,"conns_per_s":null,"p50_ms":1.318,"p95_ms":20.671,"p99_ms":30.409,"cores":null,"cpu_ms_per_request":null,"count_502":0,"delta_rss_end_mib":null,"dns_p99_ms":12.658},"tls-spliced":{"status":"valid","rps":709.8,"conns_per_s":null,"p50_ms":3.902,"p95_ms":36.483,"p99_ms":47.12,"cores":null,"cpu_ms_per_request":null,"count_502":0,"delta_rss_end_mib":null,"dns_p99_ms":null},"tls-spliced-blocked":{"status":"INVALID","rps":10466.5,"conns_per_s":null,"p50_ms":null,"p95_ms":null,"p99_ms":null,"cores":null,"cpu_ms_per_request":null,"count_502":0,"delta_rss_end_mib":null,"dns_p99_ms":null}}}
2026-09-08T10:42:58.615Z [p10-domains] == p10-domains done (degraded)
2026-09-08T10:44:47.292Z [p10-domains] == p10-domains start 2026-09-08T10:44:47.257Z tip=b53968ca3b1b-dirty out=smoke-20260908T0905Z/layer1-a-n0
2026-09-08T10:44:47.293Z [p10-domains] args {"probe":"127.0.0.1","api-port":8443,"key":"<set>","out":"smoke-20260908T0905Z/layer1-a-n0","tip":null,"allow-busy":true,"skip-host-checks":false,"n":0,"arm":["tls-spliced"],"origin":"127-0-0-1.nip.io","origin-http-port":80,"origin-https-port":443,"port":8080,"https-port":8444,"files":["1k.bin","10k.bin","50k.bin"],"blocked":"ads.smoke.test","ca":"smoke-20260908T0905Z/work/smoke-ca.pem","intercepted-ssh":null,"intercepted-ca":null,"intercepted-oha":"oha","concurrency":8,"duration":10,"worker-threads":4,"ka-requests":20,"connrate-workers":6,"dns-qps":300,"dns-port":53,"single-path":"/100mb.bin","single-n":5,"par-path":"/10mb.bin","par-n":40,"par-c":8,"sample-interval":2,"tail-min":0,"transfers-tail-min":0,"driver":"auto","skip-issuer-sample":false,"oha":"oha","max-fail-pct":2}
2026-09-08T10:44:47.609Z [p10-domains] Get-NetConnectionProfile: Ethernet                Public
2026-09-08T10:44:48.022Z [p10-domains] idle check: FAIL brave (recorded; each stage decides)
2026-09-08T10:44:48.030Z [p10-domains] GET /health -> 200 {"status":"ok","version":"0.3.3","uptime_seconds":0}
2026-09-08T10:44:48.034Z [p10-domains] engine.mode = dns+http+https
2026-09-08T10:44:48.034Z [p10-domains] runtime.http_runtimes = 0 (every HTTPS figure records it — plan §The N axis)
2026-09-08T10:44:48.034Z [p10-domains] degraded: host not idle: brave
2026-09-08T10:44:48.054Z [p10-domains] oha 1.16.0 on this host; --worker-threads 4
2026-09-08T10:44:48.062Z [p10-domains] tls-spliced: issuer sample before from local: issuer=smoke-origin subject=smoke-origin TLSv1.3 → leg=spliced expected=spliced
2026-09-08T10:44:48.063Z [p10-domains] == arm tls-spliced start
2026-09-08T10:44:48.071Z [p10-domains] tls-spliced: oha --no-tui --output-format json --worker-threads 4 -z 10s -c 8 --disable-keepalive --connect-to 127-0-0-1.nip.io:443:127.0.0.1:8444 --insecure https://127-0-0-1.nip.io:443/1k.bin
2026-09-08T10:44:58.104Z [p10-domains] tls-spliced: requests=6929 failed=10 rps=693.7 p50/p95/p99=3.777/38.802/48.563 ms 502=0 MiB/s=0.68 errors={"aborted due to deadline":8,"tls handshake eof":2}
2026-09-08T10:44:58.110Z [p10-domains] degraded: cpu_user_ms / cpu_system_ms are null on this probe (the kernel reading exists in-container only) — no cores figure
2026-09-08T10:44:58.110Z [p10-domains] tls-spliced: wall=10s cores=- ms/req=- ΔRSS end=- max=- MiB (floor - MiB)
2026-09-08T10:44:58.271Z [p10-domains] netstat failed: spawnSync netstat ENOBUFS
2026-09-08T10:44:58.276Z [p10-domains] tls-spliced: issuer sample after from local: issuer=smoke-origin subject=smoke-origin TLSv1.3 → leg=spliced expected=spliced
2026-09-08T10:44:58.278Z [p10-domains] tls-spliced-blocked: issuer sample before from local: issuer=none subject=-  → leg=unknown expected=spliced error=ECONNRESET
2026-09-08T10:44:58.278Z [p10-domains] == arm tls-spliced-blocked start
2026-09-08T10:44:58.282Z [p10-domains] tls-spliced-blocked: oha --no-tui --output-format json --worker-threads 4 -z 10s -c 8 --disable-keepalive --connect-to ads.smoke.test:443:127.0.0.1:8444 --insecure https://ads.smoke.test:443/1k.bin
2026-09-08T10:45:08.318Z [p10-domains] tls-spliced-blocked: requests=0 failed=94066 rps=9401 p50/p95/p99=null/null/null ms 502=0 MiB/s=0 errors={"aborted due to deadline":4,"tls handshake eof":94062}
2026-09-08T10:45:08.323Z [p10-domains] tls-spliced-blocked: wall=10s cores=- ms/req=- ΔRSS end=- max=- MiB (floor - MiB)
2026-09-08T10:45:08.500Z [p10-domains] netstat failed: spawnSync netstat ENOBUFS
2026-09-08T10:45:10.509Z [p10-domains] wrote smoke-20260908T0905Z\layer1-a-n0\p10-N0.json
2026-09-08T10:45:10.509Z [p10-domains] GATE (degraded, not a gate) {"statistic":"none — P10 proposes an N against the phase-2.6 criterion; the owner decides","n":0,"per_arm":{"tls-spliced":{"status":"valid","rps":693.7,"conns_per_s":null,"p50_ms":3.777,"p95_ms":38.802,"p99_ms":48.563,"cores":null,"cpu_ms_per_request":null,"count_502":0,"delta_rss_end_mib":null,"dns_p99_ms":null},"tls-spliced-blocked":{"status":"valid","rps":9401,"conns_per_s":null,"p50_ms":null,"p95_ms":null,"p99_ms":null,"cores":null,"cpu_ms_per_request":null,"count_502":0,"delta_rss_end_mib":null,"dns_p99_ms":null}}}
2026-09-08T10:45:10.509Z [p10-domains] == p10-domains done (degraded)
2026-09-08T10:45:45.773Z [p10-connrate] == p10-connrate start 2026-09-08T10:45:45.743Z tip=b53968ca3b1b-dirty out=smoke-20260908T0905Z/layer1-a-n0
2026-09-08T10:45:45.774Z [p10-connrate] args {"probe":"127.0.0.1","api-port":8443,"key":"<set>","out":"smoke-20260908T0905Z/layer1-a-n0","tip":null,"allow-busy":true,"skip-host-checks":false,"origin":"127-0-0-1.nip.io","port":8080,"https-port":8444,"tls":false,"ca":"smoke-20260908T0905Z/work/smoke-ca.pem","files":["1k.bin","10k.bin","50k.bin"],"concurrency":48,"workers":6,"duration":10,"requests":20,"max-fail-pct":2}
2026-09-08T10:45:46.102Z [p10-connrate] Get-NetConnectionProfile: Ethernet                Public
2026-09-08T10:45:46.587Z [p10-connrate] idle check: FAIL brave (recorded; each stage decides)
2026-09-08T10:45:46.595Z [p10-connrate] GET /health -> 200 {"status":"ok","version":"0.3.3","uptime_seconds":59}
2026-09-08T10:45:46.599Z [p10-connrate] engine.mode = dns+http+https
2026-09-08T10:45:46.599Z [p10-connrate] runtime.http_runtimes = 0 (every HTTPS figure records it — plan §The N axis)
2026-09-08T10:45:46.599Z [p10-connrate] degraded: host not idle: brave
2026-09-08T10:45:46.600Z [p10-connrate] connrate: plaintext 127.0.0.1:8080 origin=127-0-0-1.nip.io concurrency=48 workers=6 requests/conn=20 duration=10s
2026-09-08T10:45:56.671Z [p10-connrate] keepalive plaintext: rps=5655.7 conn/s=285.2 p50/p95/p99=3.957/24.688/34.316 ms errors=11486 full=2816/2860
2026-09-08T10:45:56.671Z [p10-connrate] degraded: 11486 errors of 68200 attempts (budget 2 %): {} {"200":45228,"502":11486}
2026-09-08T10:45:56.672Z [p10-connrate] wrote smoke-20260908T0905Z\layer1-a-n0\p10-connrate.json
2026-09-08T10:45:56.672Z [p10-connrate] GATE (degraded, not a gate) {"statistic":"none — P10 proposes an N, the owner decides","rps":5655.7,"conns_per_s":285.2}
2026-09-08T10:45:56.672Z [p10-connrate] == p10-connrate done (degraded)
2026-09-08T10:46:14.084Z [p10-dnsload] == p10-dnsload start 2026-09-08T10:46:14.053Z tip=b53968ca3b1b-dirty out=smoke-20260908T0905Z/layer1-a-n0
2026-09-08T10:46:14.085Z [p10-dnsload] args {"probe":"127.0.0.1","api-port":8443,"key":"<set>","out":"smoke-20260908T0905Z/layer1-a-n0","tip":null,"allow-busy":true,"skip-host-checks":false,"dns-port":5300,"qps":300,"duration":20,"timeout":2000,"cached":["example.com","cloudflare.com","google.com","wikipedia.org","github.com","microsoft.com","apple.com","amazon.com","mozilla.org","debian.org","kernel.org","rust-lang.org","python.org","archive.org","bbc.co.uk","reddit.com","stackoverflow.com","netflix.com","spotify.com","duckduckgo.com"],"blocked":["ads.smoke.test"],"uncached-zone":"example.com","no-warm":false}
2026-09-08T10:46:14.353Z [p10-dnsload] Get-NetConnectionProfile: Ethernet                Public
2026-09-08T10:46:14.714Z [p10-dnsload] idle check: FAIL brave (recorded; each stage decides)
2026-09-08T10:46:14.722Z [p10-dnsload] GET /health -> 200 {"status":"ok","version":"0.3.3","uptime_seconds":87}
2026-09-08T10:46:14.727Z [p10-dnsload] engine.mode = dns+http+https
2026-09-08T10:46:14.727Z [p10-dnsload] runtime.http_runtimes = 0 (every HTTPS figure records it — plan §The N axis)
2026-09-08T10:46:14.728Z [p10-dnsload] degraded: host not idle: brave
2026-09-08T10:46:14.744Z [p10-dnsload] warm: 21/21 names answered
2026-09-08T10:46:24.749Z [p10-dnsload] t=10s sent=3000 qps=300 timeouts=0 unmatched=0
2026-09-08T10:46:34.752Z [p10-dnsload] dns: sent=5997/6000 qps=299.8 answered=5997 timeouts=0 unmatched=0 p50/p95/p99=0.356/10.409/13.174 ms blocked→0.0.0.0=1233/1233
2026-09-08T10:46:34.752Z [p10-dnsload] wrote smoke-20260908T0905Z\layer1-a-n0\p10-dnsload.json
2026-09-08T10:46:34.752Z [p10-dnsload] GATE (degraded, not a gate) {"statistic":"none — the DNS half of P10's mixed arm; P10 proposes an N, the owner decides","p50_ms":0.356,"p99_ms":13.174}
2026-09-08T10:46:34.752Z [p10-dnsload] == p10-dnsload done (degraded)
