2026-09-08T17:45:39.119Z [p10-domains] == p10-domains start 2026-09-08T17:45:39.084Z tip=30b9bb912988-dirty out=campaign2/p10-N2-20260908T174538Z
2026-09-08T17:45:39.119Z [p10-domains] args {"probe":"172.17.0.4","api-port":8443,"key":"<set>","out":"campaign2/p10-N2-20260908T174538Z","tip":null,"allow-busy":false,"skip-host-checks":false,"n":2,"arm":["close","mixed","tls-spliced","transfers"],"origin":"192-168-10-10.nip.io","origin-http-port":80,"origin-https-port":443,"port":8080,"https-port":8444,"files":["1k.bin","10k.bin","50k.bin"],"blocked":"analytics.google.com","ca":"campaign2/probe-ca.pem","intercepted-ssh":null,"intercepted-ca":null,"intercepted-oha":"oha","concurrency":16,"duration":60,"worker-threads":4,"ka-requests":20,"connrate-workers":6,"dns-qps":300,"dns-port":53,"single-path":"/100mb.bin","single-n":5,"par-path":"/10mb.bin","par-n":40,"par-c":8,"sample-interval":2,"tail-min":0,"transfers-tail-min":0,"driver":"auto","skip-issuer-sample":false,"oha":"oha","max-fail-pct":2}
2026-09-08T17:45:39.549Z [p10-domains] Get-NetConnectionProfile: Ethernet                Public
2026-09-08T17:45:40.086Z [p10-domains] idle check: PASS (recorded; each stage decides)
2026-09-08T17:45:40.115Z [p10-domains] GET /health -> 200 {"status":"ok","version":"0.3.3","uptime_seconds":119}
2026-09-08T17:45:40.132Z [p10-domains] config snapshot -> campaign2\p10-N2-20260908T174538Z\config.json
2026-09-08T17:45:40.132Z [p10-domains] engine.mode = dns+http+https
2026-09-08T17:45:40.132Z [p10-domains] runtime.http_runtimes = 2 (every HTTPS figure records it — plan §The N axis)
2026-09-08T17:45:40.150Z [p10-domains] oha 1.16.0 on this host; --worker-threads 4
2026-09-08T17:45:40.150Z [p10-domains] == arm close start
2026-09-08T17:45:40.183Z [p10-domains] close-http: oha --no-tui --output-format json --worker-threads 4 -z 60s -c 16 --disable-keepalive -H Host: 192-168-10-10.nip.io --rand-regex-url http://172.17.0.4:8080/(1k[.]bin|10k[.]bin|50k[.]bin)
2026-09-08T17:46:40.262Z [p10-domains] close-http: requests=42071 failed=16 rps=701.1 p50/p95/p99=22.377/39.371/51.836 ms 502=0 MiB/s=13.84 errors={"aborted due to deadline":16}
2026-09-08T17:46:40.298Z [p10-domains] close: wall=60.1s cores=1.24 ms/req=1.765 ΔRSS end=4.02 max=8.86 MiB (floor 21.62 MiB)
2026-09-08T17:46:40.362Z [p10-domains] TIME_WAIT sockets on this host: 4220
2026-09-08T17:46:42.627Z [p10-domains] mixed-dns: warm: 25/25 names answered
2026-09-08T17:46:42.628Z [p10-domains] == arm mixed start
2026-09-08T17:46:42.660Z [p10-domains] mixed-http: oha --no-tui --output-format json --worker-threads 4 -z 60s -c 16 --disable-keepalive -H Host: 192-168-10-10.nip.io --rand-regex-url http://172.17.0.4:8080/(1k[.]bin|10k[.]bin|50k[.]bin)
2026-09-08T17:46:52.665Z [p10-domains] mixed-dns: t=10s sent=3000 qps=300 timeouts=0 unmatched=0
2026-09-08T17:47:02.668Z [p10-domains] mixed-dns: t=20s sent=6000 qps=300 timeouts=0 unmatched=0
2026-09-08T17:47:12.669Z [p10-domains] mixed-dns: t=30s sent=9000 qps=300 timeouts=0 unmatched=0
2026-09-08T17:47:22.681Z [p10-domains] mixed-dns: t=40s sent=12003 qps=300 timeouts=0 unmatched=0
2026-09-08T17:47:32.685Z [p10-domains] mixed-dns: t=50s sent=15006 qps=300 timeouts=0 unmatched=0
2026-09-08T17:47:42.724Z [p10-domains] mixed-http: requests=42204 failed=16 rps=703.4 p50/p95/p99=22.045/39.073/50.956 ms 502=0 MiB/s=14.09 errors={"aborted due to deadline":16}
2026-09-08T17:47:42.760Z [p10-domains] mixed: wall=60.1s cores=1.36 ms/req=1.935 ΔRSS end=6.88 max=6.89 MiB (floor 25.68 MiB)
2026-09-08T17:47:42.853Z [p10-domains] TIME_WAIT sockets on this host: 8302
2026-09-08T17:47:42.853Z [p10-domains] degraded: 8302 TIME_WAIT sockets on this host — the client closed first somewhere; Windows port exhaustion caps the loop near 130 conn/s (§Traps)
2026-09-08T17:47:42.854Z [p10-domains] mixed-dns: sent=18000/18000 qps=300 p50/p95/p99=1.102/12.154/15.29 ms timeouts=0 unmatched=0 blocked→0.0.0.0=729/3603
2026-09-08T17:47:44.881Z [p10-domains] tls-spliced: issuer sample before from local: issuer=192-168-10-10.nip.io subject=192-168-10-10.nip.io TLSv1.3 → leg=spliced expected=spliced
2026-09-08T17:47:44.881Z [p10-domains] == arm tls-spliced start
2026-09-08T17:47:44.917Z [p10-domains] tls-spliced: oha --no-tui --output-format json --worker-threads 4 -z 60s -c 16 --disable-keepalive --connect-to 192-168-10-10.nip.io:443:172.17.0.4:8444 --insecure https://192-168-10-10.nip.io:443/1k.bin
2026-09-08T17:48:44.977Z [p10-domains] tls-spliced: requests=31920 failed=17 rps=532.1 p50/p95/p99=30.632/51.62/61.803 ms 502=0 MiB/s=0.52 errors={"Only one usage of each socket address (protocol/network address/port) is normally permitted. (os error 10048)":1,"aborted due to deadline":16}
2026-09-08T17:48:45.035Z [p10-domains] tls-spliced: wall=60.1s cores=1.17 ms/req=2.195 ΔRSS end=-3.41 max=-1.16 MiB (floor 32.57 MiB)
2026-09-08T17:48:45.166Z [p10-domains] TIME_WAIT sockets on this host: 11780
2026-09-08T17:48:45.166Z [p10-domains] degraded: 11780 TIME_WAIT sockets on this host — the client closed first somewhere; Windows port exhaustion caps the loop near 130 conn/s (§Traps)
2026-09-08T17:48:45.177Z [p10-domains] tls-spliced: issuer sample after from local: issuer=192-168-10-10.nip.io subject=192-168-10-10.nip.io TLSv1.3 → leg=spliced expected=spliced
2026-09-08T17:48:45.180Z [p10-domains] tls-spliced-blocked: issuer sample before from local: issuer=none subject=-  → leg=unknown expected=spliced error=ECONNRESET
2026-09-08T17:48:45.180Z [p10-domains] == arm tls-spliced-blocked start
2026-09-08T17:48:45.217Z [p10-domains] tls-spliced-blocked: oha --no-tui --output-format json --worker-threads 4 -z 60s -c 16 --disable-keepalive --connect-to analytics.google.com:443:172.17.0.4:8444 --insecure https://analytics.google.com:443/1k.bin
2026-09-08T17:49:45.280Z [p10-domains] tls-spliced-blocked: requests=0 failed=114722 rps=1911.1 p50/p95/p99=null/null/null ms 502=0 MiB/s=0 errors={"Only one usage of each socket address (protocol/network address/port) is normally permitted. (os error 10048)":22,"aborted due to deadline":16,"tls handshake eof":114684}
2026-09-08T17:49:45.317Z [p10-domains] tls-spliced-blocked: wall=60.1s cores=1.03 ms/req=- ΔRSS end=-0.36 max=0.6 MiB (floor 29.25 MiB)
2026-09-08T17:49:45.415Z [p10-domains] TIME_WAIT sockets on this host: 7628
2026-09-08T17:49:47.430Z [p10-domains] transfers: issuer sample before from local: issuer=192-168-10-10.nip.io subject=192-168-10-10.nip.io TLSv1.3 → leg=spliced expected=spliced
2026-09-08T17:49:47.430Z [p10-domains] == arm transfers start
2026-09-08T17:49:47.489Z [p10-domains] transfers-single-spliced: oha --no-tui --output-format json --worker-threads 4 -n 5 -c 1 --disable-keepalive --connect-to 192-168-10-10.nip.io:443:172.17.0.4:8444 --insecure https://192-168-10-10.nip.io:443/100mb.bin
2026-09-08T17:49:54.919Z [p10-domains] transfers-single-spliced: requests=5 failed=0 rps=0.7 p50/p95/p99=1423.795/1608.237/1608.237 ms 502=0 MiB/s=67.63
2026-09-08T17:49:54.919Z [p10-domains] transfers-par-spliced: oha --no-tui --output-format json --worker-threads 4 -n 40 -c 8 --disable-keepalive --connect-to 192-168-10-10.nip.io:443:172.17.0.4:8444 --insecure https://192-168-10-10.nip.io:443/10mb.bin
2026-09-08T17:49:59.867Z [p10-domains] transfers-par-spliced: requests=40 failed=0 rps=8.1 p50/p95/p99=905.366/1723.951/1962.469 ms 502=0 MiB/s=81.43
2026-09-08T17:49:59.905Z [p10-domains] transfers: wall=12.4s cores=0.85 ms/req=233.8 ΔRSS end=0.02 max=0.02 MiB (floor 28.89 MiB)
2026-09-08T17:49:59.977Z [p10-domains] TIME_WAIT sockets on this host: 5684
2026-09-08T17:49:59.985Z [p10-domains] transfers: issuer sample after from local: issuer=192-168-10-10.nip.io subject=192-168-10-10.nip.io TLSv1.3 → leg=spliced expected=spliced
2026-09-08T17:49:59.985Z [p10-domains] transfers-single-control: oha --no-tui --output-format json --worker-threads 4 -n 5 -c 1 --disable-keepalive --insecure https://192-168-10-10.nip.io:443/100mb.bin
2026-09-08T17:50:00.410Z [p10-domains] transfers-single-control: requests=5 failed=0 rps=12.7 p50/p95/p99=76.505/85.495/85.495 ms 502=0 MiB/s=1267.49
2026-09-08T17:50:00.410Z [p10-domains] transfers-par-control: oha --no-tui --output-format json --worker-threads 4 -n 40 -c 8 --disable-keepalive --insecure https://192-168-10-10.nip.io:443/10mb.bin
2026-09-08T17:50:00.628Z [p10-domains] transfers-par-control: requests=40 failed=0 rps=213.4 p50/p95/p99=34.076/81.977/84.717 ms 502=0 MiB/s=2133.69
2026-09-08T17:50:02.638Z [p10-domains] wrote campaign2\p10-N2-20260908T174538Z\p10-N2.json
2026-09-08T17:50:02.638Z [p10-domains] GATE (degraded, not a gate) {"statistic":"none — P10 proposes an N against the phase-2.6 criterion; the owner decides","n":2,"per_arm":{"close":{"status":"valid","rps":701.1,"conns_per_s":null,"p50_ms":22.377,"p95_ms":39.371,"p99_ms":51.836,"cores":1.24,"cpu_ms_per_request":1.765,"count_502":0,"delta_rss_end_mib":4.02,"dns_p99_ms":null},"mixed":{"status":"valid","rps":703.4,"conns_per_s":null,"p50_ms":22.045,"p95_ms":39.073,"p99_ms":50.956,"cores":1.36,"cpu_ms_per_request":1.935,"count_502":0,"delta_rss_end_mib":6.88,"dns_p99_ms":15.29},"tls-spliced":{"status":"valid","rps":532.1,"conns_per_s":null,"p50_ms":30.632,"p95_ms":51.62,"p99_ms":61.803,"cores":1.17,"cpu_ms_per_request":2.195,"count_502":0,"delta_rss_end_mib":-3.41,"dns_p99_ms":null},"tls-spliced-blocked":{"status":"valid","rps":1911.1,"conns_per_s":null,"p50_ms":null,"p95_ms":null,"p99_ms":null,"cores":1.03,"cpu_ms_per_request":null,"count_502":0,"delta_rss_end_mib":-0.36,"dns_p99_ms":null},"transfers":{"status":"valid","rps":0.7,"conns_per_s":null,"p50_ms":1423.795,"p95_ms":1608.237,"p99_ms":1608.237,"cores":0.85,"cpu_ms_per_request":233.8,"count_502":0,"delta_rss_end_mib":0.02,"dns_p99_ms":null}}}
2026-09-08T17:50:02.638Z [p10-domains] == p10-domains done (degraded)
tatistic":"none — P10 proposes an N against the phase-2.6 criterion; the owner decides","n":2,"per_arm":{"close":{"status":"valid","rps":701.1,"conns_per_s":null,"p50_ms":22.377,"p95_ms":39.371,"p99_ms":51.836,"cores":1.24,"cpu_ms_per_request":1.765,"count_502":0,"delta_rss_end_mib":4.02,"dns_p99_ms":null},"mixed":{"status":"valid","rps":703.4,"conns_per_s":null,"p50_ms":22.045,"p95_ms":39.073,"p99_ms":50.956,"cores":1.36,"cpu_ms_per_request":1.935,"count_502":0,"delta_rss_end_mib":6.88,"dns_p99_ms":15.29},"tls-spliced":{"status":"valid","rps":532.1,"conns_per_s":null,"p50_ms":30.632,"p95_ms":51.62,"p99_ms":61.803,"cores":1.17,"cpu_ms_per_request":2.195,"count_502":0,"delta_rss_end_mib":-3.41,"dns_p99_ms":null},"tls-spliced-blocked":{"status":"valid","rps":1911.1,"conns_per_s":null,"p50_ms":null,"p95_ms":null,"p99_ms":null,"cores":1.03,"cpu_ms_per_request":null,"count_502":0,"delta_rss_end_mib":-0.36,"dns_p99_ms":null},"transfers":{"status":"valid","rps":0.7,"conns_per_s":null,"p50_ms":1423.795,"p95_ms":1608.237,"p99_ms":1608.237,"cores":0.85,"cpu_ms_per_request":233.8,"count_502":0,"delta_rss_end_mib":0.02,"dns_p99_ms":null}}}
2026-09-08T17:50:02.638Z [p10-domains] == p10-domains done (degraded)
