1787993969 101100 92332
1787993970 101484 92716
1787993971 101484 92716
1787993972 101484 92716
1787993973 101484 92716
1787993974 101484 92716
1787993975 101484 92716
1787993976 101484 92716
1787993977 101484 92716
1787993978 101484 92716
1787993979 101484 92716
1787993980 105196 96428
1787993981 105196 96428
1787993982 105196 96428
1787993983 105196 96428
1787993984 105196 96428
1787993985 105196 96428
1787993986 105196 96428
1787993987 105196 96428
1787993988 105196 96428
1787993989 105196 96428
1787993990 105196 96428
1787993991 105196 96428
1787993992 105196 96428
1787993993 105196 96428
1787993994 105196 96428
1787993995 105196 96428
1787993996 105196 96428
1787993997 105196 96428
1787993998 105196 96428
1787993999 105196 96428
1787994000 105196 96428
1787994001 105196 96428
1787994002 105196 96428
1787994003 105196 96428
1787994004 105196 96428
1787994005 105196 96428
1787994006 105196 96428
1787994007 105196 96428
1787994008 105196 96428
1787994009 105196 96428
1787994010 105196 96428
1787994011 111852 103084
1787994011 JUMP +6656kB dumped
1787994012 111852 103084
1787994013 111852 103084
1787994014 111852 103084
1787994015 111852 103084
1787994016 111852 103084
1787994017 111852 103084
1787994018 111852 103084
1787994019 111852 103084
1787994020 111852 103084
1787994021 112556 103788
1787994022 112556 103788
1787994023 112556 103788
1787994024 112556 103788
1787994025 112556 103788
1787994026 112556 103788
1787994027 112556 103788
1787994028 112556 103788
1787994029 112556 103788
1787994030 112556 103788
1787994031 112556 103788
1787994032 112556 103788
1787994033 112556 103788
1787994034 112556 103788
1787994035 112556 103788
1787994036 112556 103788
1787994037 112556 103788
1787994038 112556 103788
1787994039 112556 103788
1787994040 112732 103788
1787994041 113692 104748
1787994042 113692 104748
1787994043 113692 104748
1787994044 113692 104748
1787994045 113692 104748
1787994046 113692 104748
1787994047 113692 104748
1787994048 113692 104748
1787994049 113692 104748
1787994050 113692 104748
1787994051 113692 104748
1787994052 113692 104748
1787994053 113692 104748
1787994054 113692 104748
1787994055 113692 104748
1787994056 113692 104748
1787994057 113692 104748
1787994058 113692 104748
1787994059 113692 104748
1787994060 113692 104748
1787994061 113692 104748
1787994062 113692 104748
1787994063 113692 104748
1787994064 113692 104748
1787994065 113692 104748
1787994066 113692 104748
1787994067 113692 104748
1787994068 113692 104748
1787994069 102492 93548
1787994070 102492 93548
1787994071 102492 93548
1787994072 102492 93548
1787994073 102492 93548
1787994074 102492 93548
1787994075 102492 93548
1787994076 102492 93548
1787994077 102492 93548
1787994078 102492 93548
1787994079 102488 93548
1787994080 102488 93548
1787994081 102488 93548
1787994082 102488 93548
1787994083 102488 93548
1787994084 102488 93548
1787994085 102488 93548
1787994086 102488 93548
1787994087 102488 93548
1787994088 102488 93548
1787994089 102488 93548
1787994090 102488 93548
1787994091 102488 93548
1787994092 102488 93548
1787994093 102488 93548
1787994094 102488 93548
1787994095 102488 93548
1787994096 102488 93548
1787994097 102488 93548
1787994098 102488 93548
1787994100 102492 93552
1787994101 102492 93552
1787994102 102492 93552
1787994103 102492 93552
1787994104 102492 93552
1787994105 102492 93552
1787994106 102492 93552
1787994107 102492 93552
1787994108 102492 93552
1787994109 102492 93552
1787994110 102492 93552
1787994111 102492 93552
1787994112 102492 93552
1787994113 102492 93552
1787994114 102492 93552
1787994115 102492 93552
1787994116 102492 93552
1787994117 102492 93552
1787994118 102492 93552
1787994119 102492 93552
1787994120 102492 93552
1787994121 102492 93552
1787994122 102492 93552
1787994123 102492 93552
1787994124 102492 93552
1787994125 102492 93552
1787994126 102492 93552
1787994127 102492 93552
1787994128 102492 93552
1787994129 102492 93552
1787994130 102492 93552
1787994131 102492 93552
1787994132 102492 93552
1787994133 102492 93552
1787994134 102492 93552
1787994135 102492 93552
1787994136 102492 93552
1787994137 102492 93552
1787994138 102492 93552
1787994139 102492 93552
1787994140 102476 93552
1787994141 102476 93552
1787994142 102476 93552
1787994143 102476 93552
1787994144 102476 93552
1787994145 102476 93552
1787994146 102476 93552
1787994147 102476 93552
1787994148 102476 93552
1787994149 102476 93552
1787994150 102476 93552
1787994151 102476 93552
1787994152 102476 93552
1787994153 102476 93552
1787994154 102476 93552
1787994155 102476 93552
1787994156 102476 93552
1787994157 102476 93552
1787994158 102476 93552
1787994159 102476 93552
1787994160 102476 93552
1787994161 102476 93552
1787994162 102476 93552
1787994163 102476 93552
1787994164 102476 93552
1787994165 102476 93552
1787994166 102476 93552
1787994167 102476 93552
1787994168 102476 93552
1787994169 102476 93552
1787994170 102476 93552
1787994171 102476 93552
1787994172 102476 93552
1787994173 102476 93552
1787994174 102476 93552
1787994175 102476 93552
1787994176 102476 93552
1787994177 102476 93552
1787994178 102476 93552
1787994179 102476 93552
1787994180 102476 93552
1787994181 102476 93552
1787994182 102476 93552
1787994183 102476 93552
1787994184 102476 93552
1787994185 102476 93552
1787994186 102476 93552
1787994187 102476 93552
1787994188 102476 93552
1787994189 102476 93552
1787994190 102476 93552
1787994191 102476 93552
1787994192 102476 93552
1787994193 102476 93552
1787994194 102476 93552
1787994195 102476 93552
1787994196 102476 93552
1787994197 102476 93552
1787994198 102476 93552
1787994199 102476 93552
1787994200 102476 93552
1787994201 102476 93552
1787994202 102476 93552
1787994203 102476 93552
1787994204 102476 93552
1787994205 102476 93552
1787994206 102476 93552
1787994207 102476 93552
1787994208 102484 93560
1787994209 102492 93568
1787994210 102492 93568
1787994211 102492 93568
1787994212 102492 93568
1787994213 102492 93568
1787994214 102492 93568
1787994215 102492 93568
1787994216 102492 93568
1787994217 102492 93568
1787994218 102404 93480
1787994219 102404 93480
1787994220 102404 93480
1787994221 102404 93480
1787994222 102404 93480
1787994223 102404 93480
1787994224 102404 93480
1787994225 102404 93480
1787994226 102404 93480
1787994227 102404 93480
1787994228 102404 93480
1787994229 102124 93480
1787994230 102124 93480
1787994231 102124 93480
1787994232 102124 93480
1787994233 102124 93480
1787994234 102124 93480
1787994235 102124 93480
1787994236 102124 93480
1787994237 102124 93480
1787994238 102124 93480
1787994239 102124 93480
1787994240 102124 93480
1787994241 102140 93496
1787994242 102140 93496
1787994243 102140 93496
1787994244 102140 93496
1787994245 102140 93496
1787994246 102140 93496
1787994247 102140 93496
1787994248 102140 93496
1787994249 102224 93496
1787994250 102224 93496
1787994251 102224 93496
1787994252 102224 93496
1787994253 102224 93496
1787994255 102224 93496
1787994256 102224 93496
1787994257 102224 93496
1787994258 102224 93496
1787994259 102224 93496
1787994260 102224 93496
1787994261 102224 93496
1787994262 102224 93496
1787994263 102224 93496
1787994264 102224 93496
1787994265 102224 93496
1787994266 102224 93496
1787994267 102224 93496
1787994268 102224 93496
1787994269 102264 93536
1787994270 102264 93536
1787994271 102264 93536
1787994272 102264 93536
1787994273 102264 93536
1787994274 102264 93536
1787994275 102264 93536
1787994276 102264 93536
1787994277 102264 93536
1787994278 102264 93536
1787994279 102240 93512
1787994280 102240 93512
1787994281 102240 93512
1787994282 102240 93512
1787994283 102240 93512
1787994284 102240 93512
1787994285 102240 93512
1787994286 102240 93512
1787994287 102240 93512
1787994288 102240 93512
1787994289 102240 93512
1787994290 102240 93512
1787994291 102240 93512
1787994292 102240 93512
1787994293 102240 93512
1787994294 102240 93512
1787994295 102240 93512
1787994296 102240 93512
1787994297 102240 93512
1787994298 102240 93512
1787994299 102240 93512
1787994300 102240 93512
1787994301 102240 93512
1787994302 102240 93512
1787994303 102240 93512
1787994304 102240 93512
1787994305 102240 93512
1787994306 102240 93512
1787994307 102240 93512
1787994308 102240 93512
1787994309 102240 93512
1787994310 102240 93512
1787994311 102240 93512
1787994312 102240 93512
1787994313 102240 93512
1787994314 102240 93512
1787994315 102240 93512
1787994316 102240 93512
1787994317 102240 93512
1787994318 102240 93512
1787994319 102240 93512
1787994320 102240 93512
1787994321 102240 93512
1787994322 102240 93512
1787994323 102240 93512
1787994324 102240 93512
1787994325 102240 93512
1787994326 102240 93512
1787994327 102240 93512
1787994328 102240 93512
1787994329 102240 93512
1787994330 102240 93512
1787994331 102252 93524
1787994332 102252 93524
1787994333 102252 93524
1787994334 102252 93524
1787994335 102252 93524
1787994336 102252 93524
1787994337 102252 93524
1787994338 102252 93524
1787994339 102252 93524
1787994340 102252 93524
1787994341 102252 93524
1787994342 102252 93524
1787994343 102252 93524
1787994344 102252 93524
1787994345 102252 93524
1787994346 102252 93524
1787994347 102252 93524
1787994348 102252 93524
1787994349 102252 93524
1787994350 102252 93524
1787994351 102252 93524
1787994352 102252 93524
1787994353 102252 93524
1787994354 102252 93524
1787994355 102252 93524
1787994356 102252 93524
1787994357 102252 93524
1787994358 102252 93524
1787994359 102252 93524
1787994360 102252 93524
1787994361 102252 93524
1787994362 102252 93524
1787994363 102252 93524
1787994364 102252 93524
1787994365 102252 93524
1787994366 102252 93524
1787994367 102252 93524
1787994368 102252 93524
1787994369 102252 93524
1787994370 102252 93524
1787994371 102252 93524
1787994372 102252 93524
1787994373 102252 93524
1787994374 102252 93524
1787994375 102252 93524
1787994376 102252 93524
1787994377 102252 93524
1787994378 102252 93524
1787994379 102252 93524
1787994380 102252 93524
1787994381 102252 93524
1787994382 102252 93524
1787994383 102252 93524
1787994384 102252 93524
1787994385 102252 93524
1787994386 102252 93524
1787994387 102252 93524
1787994388 102252 93524
1787994389 102252 93524
1787994390 102252 93524
1787994391 102252 93524
1787994392 102252 93524
1787994393 102252 93524
1787994394 102252 93524
1787994395 102252 93524
1787994396 102252 93524
1787994397 102252 93524
1787994398 102252 93524
1787994399 102252 93524
1787994400 102252 93524
1787994401 102252 93524
1787994402 102252 93524
1787994403 102252 93524
1787994404 102252 93524
1787994405 102252 93524
1787994406 102252 93524
1787994407 102252 93524
1787994408 102252 93524
1787994409 102252 93524
1787994410 102252 93524
1787994411 102252 93524
1787994412 102252 93524
1787994413 102252 93524
1787994414 102252 93524
1787994415 102252 93524
1787994416 102252 93524
1787994417 102252 93524
1787994418 102252 93524
1787994419 102252 93524
1787994420 102252 93524
1787994421 102252 93524
1787994422 102252 93524
1787994424 102252 93524
1787994425 102252 93524
1787994426 102252 93524
1787994427 102252 93524
1787994428 102252 93524
1787994429 102252 93524
1787994430 102252 93524
1787994431 102252 93524
1787994432 102252 93524
1787994433 102252 93524
1787994434 102252 93524
1787994435 102252 93524
1787994436 102252 93524
1787994437 102252 93524
1787994438 102252 93524
1787994439 102252 93524
1787994440 102252 93524
1787994441 102252 93524
1787994442 102252 93524
1787994443 102252 93524
1787994444 102252 93524
1787994445 102252 93524
1787994446 102252 93524
1787994447 102252 93524
1787994448 102252 93524
1787994449 102252 93524
1787994450 102252 93524
1787994451 102252 93524
1787994452 102252 93524
1787994453 102252 93524
1787994454 102252 93524
1787994455 102252 93524
1787994456 102252 93524
1787994457 102252 93524
1787994458 102252 93524
1787994459 102252 93524
1787994460 102252 93524
1787994461 102252 93524
1787994462 102252 93524
1787994463 102252 93524
1787994464 102252 93524
1787994465 102252 93524
1787994466 102252 93524
1787994467 102252 93524
1787994468 102252 93524
1787994469 102252 93524
1787994470 102252 93524
1787994471 102252 93524
1787994472 102252 93524
1787994473 102252 93524
1787994474 102252 93524
1787994475 102252 93524
1787994476 102252 93524
1787994477 102252 93524
1787994478 102252 93524
1787994479 102252 93524
1787994480 102252 93524
1787994481 102252 93524
1787994482 102252 93524
1787994483 102252 93524
1787994484 102252 93524
1787994485 102252 93524
1787994486 102252 93524
1787994487 102252 93524
1787994488 102252 93524
1787994489 102252 93524
1787994490 102252 93524
1787994491 102252 93524
1787994492 102252 93524
1787994493 102252 93524
1787994494 102252 93524
1787994495 102252 93524
1787994496 102252 93524
1787994497 102252 93524
1787994498 102252 93524
1787994499 102252 93524
1787994500 102252 93524
1787994501 102252 93524
1787994502 102252 93524
1787994503 102252 93524
1787994504 102252 93524
1787994505 102252 93524
1787994506 102252 93524
1787994507 102252 93524
1787994508 102252 93524
1787994509 102296 93568
1787994510 102296 93568
1787994511 102296 93568
1787994512 102296 93568
1787994513 102296 93568
1787994514 102296 93568
1787994515 102296 93568
1787994516 102296 93568
1787994517 102296 93568
1787994518 102296 93568
1787994519 102136 93408
1787994520 102136 93408
1787994521 102136 93408
1787994522 102136 93408
1787994523 102136 93408
1787994524 102136 93408
1787994525 102136 93408
1787994526 102136 93408
1787994527 102136 93408
1787994528 102136 93408
1787994529 102136 93408
1787994530 102136 93408
1787994531 102136 93408
1787994532 102136 93408
1787994533 102136 93408
1787994534 102136 93408
1787994535 102136 93408
1787994536 102136 93408
1787994537 102136 93408
1787994538 102136 93408
1787994539 102136 93408
1787994540 102136 93408
1787994541 102136 93408
1787994542 102136 93408
1787994543 102136 93408
1787994544 102136 93408
1787994545 102136 93408
1787994546 102136 93408
1787994547 102136 93408
1787994548 102136 93408
1787994549 102140 93412
1787994550 102140 93412
1787994551 102140 93412
1787994552 102140 93412
1787994553 102140 93412
1787994554 102140 93412
1787994555 102140 93412
1787994556 102140 93412
1787994557 102140 93412
1787994558 102140 93412
1787994559 102140 93412
1787994560 102140 93412
1787994561 102140 93412
1787994562 102140 93412
1787994563 104060 95332
1787994564 104060 95332
1787994565 104060 95332
1787994566 104060 95332
1787994567 104060 95332
1787994568 104060 95332
1787994569 104060 95332
1787994570 104060 95332
1787994571 104060 95332
1787994572 104060 95332
1787994573 104060 95332
1787994574 105596 96868
1787994575 105596 96868
1787994576 105596 96868
1787994577 105596 96868
1787994578 105596 96868
1787994579 105596 96868
1787994580 105596 96868
1787994581 105596 96868
1787994582 105596 96868
1787994583 105596 96868
1787994584 105596 96868
1787994585 105596 96868
1787994586 105596 96868
1787994587 105596 96868
1787994588 105596 96868
1787994589 105596 96868
1787994590 105596 96868
1787994591 105596 96868
1787994592 105596 96868
1787994593 105596 96868
1787994594 105596 96868
1787994595 105596 96868
1787994596 105596 96868
1787994598 105596 96868
1787994599 105596 96868
1787994600 105596 96868
1787994601 105596 96868
1787994602 105596 96868
1787994603 105596 96868
1787994604 105596 96868
1787994605 107200 98472
1787994606 107200 98472
1787994607 107200 98472
1787994608 107200 98472
1787994609 107200 98472
1787994610 107200 98472
1787994611 107200 98472
1787994612 107200 98472
1787994613 107200 98472
1787994614 107200 98472
1787994615 108544 99816
1787994616 108544 99816
1787994617 108544 99816
1787994618 108544 99816
1787994619 108544 99816
1787994620 108544 99816
1787994621 108544 99816
1787994622 108544 99816
1787994623 108544 99816
1787994624 108544 99816
1787994625 110208 101480
1787994626 110208 101480
1787994627 110208 101480
1787994628 110208 101480
1787994629 110264 101536
1787994630 110264 101536
1787994631 110264 101536
1787994632 110264 101536
1787994633 110264 101536
1787994634 110264 101536
1787994635 110264 101536
1787994636 112696 103968
1787994637 112696 103968
1787994638 112696 103968
1787994639 112680 103952
1787994640 112680 103952
1787994641 112680 103952
1787994642 112680 103952
1787994643 112680 103952
1787994644 112680 103952
1787994645 112680 103952
1787994646 112680 103952
1787994647 112680 103952
1787994648 112680 103952
1787994649 112680 103952
1787994650 112680 103952
1787994651 112680 103952
1787994652 112680 103952
1787994653 112680 103952
1787994654 112680 103952
1787994655 112680 103952
1787994656 112680 103952
1787994657 112680 103952
1787994658 112680 103952
1787994659 112680 103952
1787994660 112680 103952
1787994661 112680 103952
1787994662 112680 103952
1787994663 112680 103952
1787994664 112680 103952
1787994665 112680 103952
1787994666 114480 105700
1787994667 111984 103204
1787994668 111984 103204
1787994669 111984 103204
1787994670 111984 103204
1787994671 111984 103204
1787994672 111984 103204
1787994673 111984 103204
1787994674 111984 103204
1787994675 111984 103204
1787994676 111984 103204
1787994677 111984 103204
1787994678 111984 103204
1787994679 111984 103204
1787994680 111984 103204
1787994681 111984 103204
1787994682 111984 103204
1787994683 111984 103204
1787994684 111984 103204
1787994685 111984 103204
1787994686 111984 103204
1787994687 111984 103204
1787994688 111984 103204
1787994689 111984 103204
1787994690 111984 103204
1787994691 111984 103204
1787994692 111984 103204
1787994693 111984 103204
1787994694 111984 103204
1787994695 111984 103204
1787994696 111984 103204
1787994697 111984 103204
1787994698 111984 103204
1787994699 111984 103204
1787994700 111984 103204
1787994701 111984 103204
1787994702 111984 103204
1787994703 111984 103204
1787994704 111984 103204
1787994705 111984 103204
1787994706 111984 103204
1787994707 111984 103204
1787994708 111984 103204
1787994709 111984 103204
1787994710 111984 103204
1787994711 111984 103204
1787994712 111984 103204
1787994713 111984 103204
1787994714 111984 103204
1787994715 111984 103204
1787994716 111984 103204
1787994717 111984 103204
1787994718 111984 103204
1787994719 111984 103204
1787994720 111984 103204
1787994721 111984 103204
1787994722 111984 103204
1787994723 111984 103204
1787994724 111984 103204
1787994725 111984 103204
1787994726 111984 103204
1787994727 111984 103204
1787994728 111984 103204
1787994729 111984 103204
1787994730 111984 103204
1787994731 111984 103204
1787994732 111984 103204
1787994733 111984 103204
1787994734 111984 103204
1787994735 111984 103204
1787994736 111984 103204
1787994737 111984 103204
1787994738 111984 103204
1787994739 111984 103204
1787994740 111984 103204
1787994741 111984 103204
1787994742 111984 103204
1787994743 111984 103204
1787994744 111984 103204
1787994745 111984 103204
1787994746 111984 103204
1787994747 111984 103204
1787994748 111984 103204
1787994750 111984 103204
1787994751 111984 103204
1787994752 111984 103204
1787994753 111984 103204
1787994754 111984 103204
1787994755 111984 103204
1787994756 111984 103204
1787994757 111984 103204
1787994758 111984 103204
1787994759 111984 103204
1787994760 111984 103204
1787994761 111984 103204
1787994762 111984 103204
1787994763 111984 103204
1787994764 111984 103204
1787994765 111984 103204
1787994766 111984 103204
1787994767 111984 103204
1787994768 111984 103204
1787994769 111984 103204
1787994770 111984 103204
1787994771 111984 103204
1787994772 111984 103204
1787994773 111988 103208
1787994774 111988 103208
1787994775 111988 103208
1787994776 111988 103208
1787994777 111988 103208
1787994778 111988 103208
1787994779 111988 103208
1787994780 111988 103208
1787994781 111988 103208
1787994782 111988 103208
1787994783 111988 103208
1787994784 111988 103208
1787994785 111988 103208
1787994786 111988 103208
1787994787 111988 103208
1787994788 111988 103208
1787994789 111988 103208
1787994790 111988 103208
1787994791 111988 103208
1787994792 111988 103208
1787994793 111988 103208
1787994794 111988 103208
1787994795 111988 103208
1787994796 111988 103208
1787994797 111988 103208
1787994798 111988 103208
1787994799 111988 103208
1787994800 111988 103208
1787994801 111988 103208
1787994802 111988 103208
1787994803 111988 103208
1787994804 111988 103208
1787994805 111988 103208
1787994806 111988 103208
1787994807 111988 103208
1787994808 111988 103208
1787994809 111996 103216
1787994810 111996 103216
1787994811 111996 103216
1787994812 111996 103216
1787994813 111996 103216
1787994814 111996 103216
1787994815 111996 103216
1787994816 111996 103216
1787994817 111996 103216
1787994818 111996 103216
1787994819 111860 103080
1787994820 111860 103080
1787994821 111860 103080
1787994822 111860 103080
1787994823 111860 103080
1787994824 111860 103080
1787994825 111860 103080
1787994826 111860 103080
1787994827 111860 103080
1787994828 111860 103080
1787994829 111860 103080
1787994830 111860 103080
1787994831 111860 103080
1787994832 111860 103080
1787994833 111860 103080
1787994834 111860 103080
1787994835 111860 103080
1787994836 111860 103080
1787994837 111860 103080
1787994838 111860 103080
1787994839 111860 103080
1787994840 111860 103080
1787994841 111860 103080
1787994842 111860 103080
1787994843 111860 103080
1787994844 111860 103080
1787994845 111860 103080
1787994846 111860 103080
1787994847 111860 103080
1787994848 111860 103080
1787994849 111864 103084
1787994850 111864 103084
1787994851 111864 103084
1787994852 111864 103084
1787994853 111864 103084
1787994854 111864 103084
1787994855 111864 103084
1787994856 111864 103084
1787994857 111864 103084
1787994858 111864 103084
1787994859 111864 103084
1787994860 111864 103084
1787994861 111864 103084
1787994862 111864 103084
1787994863 111864 103084
1787994864 111864 103084
1787994865 111864 103084
1787994866 111864 103084
1787994867 111864 103084
1787994868 111864 103084
1787994869 111864 103084
1787994870 111864 103084
1787994871 111864 103084
1787994872 111864 103084
1787994873 111864 103084
1787994874 111864 103084
1787994875 111864 103084
1787994876 111864 103084
1787994878 111864 103084
1787994879 111864 103084
1787994880 111864 103084
1787994881 111864 103084
1787994882 111864 103084
1787994883 111864 103084
1787994884 111864 103084
1787994885 111864 103084
1787994886 111864 103084
1787994887 111864 103084
1787994888 111864 103084
1787994889 111864 103084
1787994890 111864 103084
1787994891 111864 103084
1787994892 111864 103084
1787994893 111864 103084
1787994894 111864 103084
1787994895 111864 103084
1787994896 111864 103084
1787994897 111864 103084
1787994898 111864 103084
1787994899 111864 103084
1787994900 111864 103084
1787994901 111864 103084
1787994902 111864 103084
1787994903 111864 103084
1787994904 111864 103084
1787994905 111864 103084
1787994906 111864 103084
1787994907 111864 103084
1787994908 111864 103084
1787994909 111864 103084
1787994910 111864 103084
1787994911 111864 103084
1787994912 111864 103084
1787994913 111864 103084
1787994914 111864 103084
1787994915 111864 103084
1787994916 111864 103084
1787994917 111864 103084
1787994918 111864 103084
1787994919 111864 103084
1787994920 111864 103084
1787994921 111864 103084
1787994922 111864 103084
1787994923 111864 103084
1787994924 111864 103084
1787994925 111864 103084
1787994926 111864 103084
1787994927 111864 103084
1787994928 111864 103084
1787994929 111864 103084
1787994930 111864 103084
1787994931 111864 103084
1787994932 111864 103084
1787994933 111864 103084
1787994934 111864 103084
1787994935 111864 103084
1787994936 111864 103084
1787994937 111864 103084
1787994938 111864 103084
1787994939 111864 103084
1787994940 111864 103084
1787994941 111864 103084
1787994942 111864 103084
1787994943 111864 103084
1787994944 111864 103084
1787994945 111864 103084
1787994946 111864 103084
1787994947 111864 103084
1787994948 111864 103084
1787994949 111864 103084
1787994950 111864 103084
1787994951 111864 103084
1787994952 111864 103084
1787994953 111864 103084
1787994954 111864 103084
1787994955 111864 103084
1787994956 111864 103084
1787994957 111864 103084
1787994958 111864 103084
1787994959 111864 103084
1787994960 111864 103084
1787994961 111864 103084
1787994962 111864 103084
1787994963 111864 103084
1787994964 111864 103084
1787994965 111864 103084
1787994966 111864 103084
1787994967 111864 103084
1787994968 111864 103084
1787994969 111864 103084
1787994970 111864 103084
1787994971 111864 103084
1787994972 111864 103084
1787994973 111864 103084
1787994974 111864 103084
1787994975 111864 103084
1787994977 111864 103084
1787994978 111864 103084
1787994979 111864 103084
1787994980 111864 103084
1787994981 111864 103084
1787994982 111864 103084
1787994983 111864 103084
1787994984 111864 103084
1787994985 111864 103084
1787994986 111864 103084
1787994987 111864 103084
1787994988 111864 103084
1787994989 111880 103100
1787994990 111880 103100
1787994991 111880 103100
1787994992 111880 103100
1787994993 111880 103100
1787994994 111880 103100
1787994995 111880 103100
1787994996 111880 103100
1787994997 111880 103100
1787994998 111880 103100
1787994999 107704 98924
1787995000 107704 98924
1787995001 107704 98924
1787995002 107704 98924
1787995003 107704 98924
1787995004 107704 98924
1787995005 107704 98924
1787995006 107704 98924
1787995007 107704 98924
1787995008 107704 98924
1787995009 107704 98924
1787995010 107704 98924
1787995011 107704 98924
1787995012 107704 98924
1787995013 107704 98924
1787995014 107704 98924
1787995015 107704 98924
1787995016 107704 98924
1787995017 107704 98924
1787995018 107704 98924
1787995019 107704 98924
1787995020 107704 98924
1787995021 107704 98924
1787995022 107704 98924
1787995023 107704 98924
1787995024 107704 98924
1787995025 107704 98924
1787995026 107704 98924
1787995027 107704 98924
1787995028 107704 98924
1787995029 107704 98924
1787995030 107704 98924
1787995031 107704 98924
1787995032 107704 98924
1787995033 107704 98924
1787995034 107704 98924
1787995035 107704 98924
1787995036 107704 98924
1787995037 107704 98924
1787995038 107704 98924
1787995039 107704 98924
1787995040 107704 98924
1787995041 107704 98924
1787995042 107704 98924
1787995043 107704 98924
1787995044 107704 98924
1787995045 107704 98924
1787995046 107704 98924
1787995047 107704 98924
1787995048 107704 98924
1787995049 107704 98924
1787995050 107704 98924
1787995051 107704 98924
1787995052 107704 98924
1787995053 107704 98924
1787995054 107704 98924
1787995055 107704 98924
1787995056 107704 98924
1787995057 107704 98924
1787995058 107704 98924
1787995059 107704 98924
1787995060 107704 98924
1787995061 107704 98924
1787995062 107704 98924
1787995063 107704 98924
1787995064 107704 98924
1787995065 107704 98924
1787995066 107704 98924
1787995067 107704 98924
1787995068 107704 98924
1787995069 107704 98924
1787995070 107704 98924
1787995071 107704 98924
1787995072 107704 98924
1787995073 107704 98924
1787995074 107704 98924
1787995075 107704 98924
1787995076 107704 98924
1787995077 107704 98924
1787995078 107704 98924
1787995079 107704 98924
1787995080 107704 98924
1787995081 107704 98924
1787995082 107704 98924
1787995083 107704 98924
1787995085 107704 98924
1787995086 107704 98924
1787995087 107704 98924
1787995088 107704 98924
1787995089 107704 98924
1787995090 107704 98924
1787995091 107704 98924
1787995092 107704 98924
1787995093 107704 98924
1787995094 107704 98924
1787995095 107704 98924
1787995096 107704 98924
1787995097 107704 98924
1787995098 107704 98924
1787995099 107704 98924
1787995100 107704 98924
1787995101 107704 98924
1787995102 107704 98924
1787995103 107704 98924
1787995104 107704 98924
1787995105 107704 98924
1787995106 107704 98924
1787995107 107704 98924
1787995108 107704 98924
1787995109 107720 98940
1787995110 107720 98940
1787995111 107720 98940
1787995112 107720 98940
1787995113 107720 98940
1787995114 107720 98940
1787995115 107720 98940
1787995116 107720 98940
1787995117 107720 98940
1787995118 107720 98940
1787995119 107320 98540
1787995120 107320 98540
1787995121 107320 98540
1787995122 107320 98540
1787995123 107320 98540
1787995124 107320 98540
1787995125 107320 98540
1787995126 107320 98540
1787995127 107320 98540
1787995128 107320 98540
1787995129 107320 98540
1787995130 107320 98540
1787995131 107320 98540
1787995132 107320 98540
1787995133 107320 98540
1787995134 107320 98540
1787995135 107320 98540
1787995136 107320 98540
1787995137 107320 98540
1787995138 107320 98540
1787995139 107320 98540
1787995140 107320 98540
1787995141 107320 98540
1787995142 107320 98540
1787995143 107320 98540
1787995144 107320 98540
1787995145 107320 98540
1787995146 107320 98540
1787995147 107320 98540
1787995148 107320 98540
1787995149 107320 98540
1787995150 107320 98540
1787995151 107320 98540
1787995152 107320 98540
1787995153 107320 98540
1787995154 107320 98540
1787995155 107320 98540
1787995156 107320 98540
1787995157 107320 98540
1787995158 107320 98540
1787995159 107320 98540
1787995160 107320 98540
1787995161 107320 98540
1787995162 107320 98540
1787995163 107320 98540
1787995164 107320 98540
1787995165 107320 98540
1787995166 107320 98540
1787995167 107320 98540
1787995168 107320 98540
1787995169 107320 98540
1787995170 107320 98540
1787995171 107320 98540
1787995172 107320 98540
1787995173 107320 98540
1787995174 107320 98540
1787995175 107320 98540
1787995176 107320 98540
1787995177 107320 98540
1787995178 107320 98540
1787995179 107320 98540
1787995180 107320 98540
1787995181 107320 98540
1787995182 107320 98540
1787995183 107320 98540
1787995184 107320 98540
1787995185 107320 98540
1787995186 107320 98540
1787995187 107320 98540
1787995189 107320 98540
1787995190 107320 98540
1787995191 107320 98540
1787995192 107320 98540
1787995193 107320 98540
1787995194 107320 98540
1787995195 107320 98540
1787995196 107324 98544
1787995197 107324 98544
1787995198 107324 98544
1787995199 107324 98544
1787995200 107324 98544
1787995201 107324 98544
1787995202 107324 98544
1787995203 107324 98544
1787995204 107324 98544
1787995205 107324 98544
1787995206 107324 98544
1787995207 107324 98544
1787995208 107324 98544
1787995209 107324 98544
1787995210 107324 98544
1787995211 107324 98544
1787995212 107324 98544
1787995213 107324 98544
1787995214 107324 98544
1787995215 107324 98544
1787995216 107324 98544
1787995217 107324 98544
1787995218 107324 98544
1787995219 107388 98608
1787995220 107388 98608
1787995221 107388 98608
1787995222 107388 98608
1787995223 107388 98608
1787995224 107388 98608
1787995225 107388 98608
1787995226 107388 98608
1787995227 107388 98608
1787995228 107388 98608
1787995229 107388 98608
1787995230 107388 98608
1787995231 107388 98608
1787995232 107388 98608
1787995233 107388 98608
1787995234 107388 98608
1787995235 107388 98608
1787995236 107388 98608
1787995237 107388 98608
1787995238 107388 98608
1787995239 107388 98608
1787995240 107388 98608
1787995241 107388 98608
1787995242 107388 98608
1787995243 107388 98608
1787995244 107388 98608
1787995245 107388 98608
1787995246 107388 98608
1787995247 107388 98608
1787995248 107388 98608
1787995249 107388 98608
1787995250 107388 98608
1787995251 107388 98608
1787995252 107388 98608
1787995253 107388 98608
1787995254 107388 98608
1787995255 107388 98608
1787995256 107388 98608
1787995257 107388 98608
1787995258 107388 98608
1787995259 107388 98608
1787995260 107952 99172
1787995261 107952 99172
1787995262 107952 99172
1787995263 107952 99172
1787995264 107952 99172
1787995265 107952 99172
1787995266 107952 99172
1787995267 107952 99172
1787995268 107952 99172
1787995269 107952 99172
1787995270 107952 99172
1787995271 107952 99172
1787995272 107952 99172
1787995273 107952 99172
1787995274 107952 99172
1787995275 107952 99172
1787995276 107952 99172
1787995277 107952 99172
1787995278 107952 99172
1787995279 107952 99172
1787995280 107952 99172
1787995281 107952 99172
1787995282 107952 99172
1787995283 107952 99172
1787995284 107952 99172
1787995285 107952 99172
1787995287 107952 99172
1787995288 107952 99172
1787995289 107952 99172
1787995290 107952 99172
1787995291 107952 99172
1787995292 107952 99172
1787995293 107952 99172
1787995294 107952 99172
1787995295 107952 99172
1787995296 107952 99172
1787995297 107952 99172
1787995298 107952 99172
1787995299 107952 99172
1787995300 107952 99172
1787995301 107952 99172
1787995302 107952 99172
1787995303 107952 99172
1787995304 107952 99172
1787995305 107952 99172
1787995306 107952 99172
1787995307 107952 99172
1787995308 107952 99172
1787995309 107952 99172
1787995310 107952 99172
1787995311 107952 99172
1787995312 107952 99172
1787995313 107952 99172
1787995314 107952 99172
1787995315 107952 99172
1787995316 107952 99172
1787995317 107952 99172
1787995318 107952 99172
1787995319 107952 99172
1787995320 107952 99172
1787995321 107952 99172
1787995322 108336 99556
1787995323 108336 99556
1787995324 108336 99556
1787995325 108336 99556
1787995326 108336 99556
1787995327 108336 99556
1787995328 108336 99556
1787995329 108336 99556
1787995330 108336 99556
1787995331 108336 99556
1787995332 108336 99556
1787995333 108336 99556
1787995334 108336 99556
1787995335 108336 99556
1787995336 108336 99556
1787995337 108336 99556
1787995338 108336 99556
1787995339 108336 99556
1787995340 108336 99556
1787995341 108336 99556
1787995342 108336 99556
1787995343 108336 99556
1787995344 108336 99556
1787995345 108336 99556
1787995346 108336 99556
1787995347 108336 99556
1787995348 108336 99556
1787995349 108352 99572
1787995350 108352 99572
1787995351 108352 99572
1787995352 108352 99572
1787995353 108352 99572
1787995354 108352 99572
1787995355 108352 99572
1787995356 108352 99572
1787995357 108352 99572
1787995358 107760 98980
1787995359 107760 98980
1787995360 107760 98980
1787995361 107760 98980
1787995362 107760 98980
1787995363 107760 98980
1787995364 107760 98980
1787995365 107760 98980
1787995366 107760 98980
1787995367 107760 98980
1787995368 107760 98980
1787995369 107760 98980
1787995370 107760 98980
1787995371 107760 98980
1787995372 107760 98980
1787995373 107760 98980
1787995374 107760 98980
1787995375 107760 98980
1787995376 107760 98980
1787995377 107760 98980
1787995378 107760 98980
1787995379 107760 98980
1787995380 107760 98980
1787995381 107760 98980
1787995382 107760 98980
1787995383 107760 98980
1787995384 107760 98980
1787995385 107760 98980
1787995386 107760 98980
1787995387 107760 98980
1787995388 107760 98980
1787995389 107760 98980
1787995390 107760 98980
1787995392 107760 98980
1787995393 107760 98980
1787995394 107760 98980
1787995395 107760 98980
1787995396 107760 98980
1787995397 107760 98980
1787995398 107760 98980
1787995399 107760 98980
1787995400 107760 98980
1787995401 107760 98980
1787995402 107760 98980
1787995403 107760 98980
1787995404 107760 98980
1787995405 107760 98980
1787995406 107760 98980
1787995407 107760 98980
1787995408 107760 98980
1787995409 107768 98988
1787995410 107768 98988
1787995411 107768 98988
1787995412 107768 98988
1787995413 107768 98988
1787995414 107768 98988
1787995415 107768 98988
1787995416 107768 98988
1787995417 107768 98988
1787995418 107768 98988
1787995419 107312 98532
1787995420 107312 98532
1787995421 107312 98532
1787995422 107312 98532
1787995423 107312 98532
1787995424 107312 98532
1787995425 107312 98532
1787995426 107312 98532
1787995427 107312 98532
1787995428 107312 98532
1787995429 107312 98532
1787995430 107312 98532
1787995431 107312 98532
1787995432 107312 98532
1787995433 107312 98532
1787995434 107312 98532
1787995435 107312 98532
1787995436 107312 98532
1787995437 107312 98532
1787995438 107312 98532
1787995439 107312 98532
1787995440 107312 98532
1787995441 107312 98532
1787995442 107312 98532
1787995443 107312 98532
1787995444 107312 98532
1787995445 107312 98532
1787995446 107312 98532
1787995447 107312 98532
1787995448 107312 98532
1787995449 107312 98532
1787995450 107312 98532
1787995451 107312 98532
1787995452 107312 98532
1787995453 107312 98532
1787995454 107312 98532
1787995455 107312 98532
1787995456 107312 98532
1787995457 107312 98532
1787995458 107312 98532
1787995459 107312 98532
1787995460 107312 98532
1787995461 107312 98532
1787995462 107312 98532
1787995463 107312 98532
1787995464 107312 98532
1787995465 107312 98532
1787995466 107312 98532
1787995467 107312 98532
1787995468 107312 98532
1787995469 107312 98532
1787995470 107312 98532
1787995471 107312 98532
1787995472 107312 98532
1787995473 107312 98532
1787995474 107312 98532
1787995475 107312 98532
1787995476 107312 98532
1787995477 107312 98532
1787995478 107312 98532
1787995479 107312 98532
1787995480 107312 98532
1787995481 107312 98532
1787995482 107312 98532
1787995483 107312 98532
1787995484 107312 98532
1787995485 107312 98532
1787995486 107312 98532
1787995487 107312 98532
1787995488 107312 98532
1787995489 107312 98532
1787995490 107312 98532
1787995491 107312 98532
1787995492 107312 98532
1787995493 107312 98532
1787995494 107312 98532
1787995495 107312 98532
1787995496 107312 98532
1787995497 107312 98532
1787995498 107312 98532
1787995499 107312 98532
1787995500 107312 98532
1787995501 107312 98532
1787995502 107312 98532
1787995503 107312 98532
1787995504 107312 98532
1787995505 107312 98532
1787995506 107312 98532
1787995507 107312 98532
1787995508 107312 98532
1787995509 107312 98532
1787995511 107312 98532
1787995512 107312 98532
1787995513 107312 98532
1787995514 107312 98532
1787995515 107312 98532
1787995516 107312 98532
1787995517 107312 98532
1787995518 107312 98532
1787995519 107312 98532
1787995520 107312 98532
1787995521 107312 98532
1787995522 107312 98532
1787995523 107312 98532
1787995524 107312 98532
1787995525 107312 98532
1787995526 107312 98532
1787995527 107312 98532
1787995528 107312 98532
1787995529 107312 98532
1787995530 107312 98532
1787995531 107312 98532
1787995532 107312 98532
1787995533 107312 98532
1787995534 107312 98532
1787995535 107312 98532
1787995536 107312 98532
1787995537 107312 98532
1787995538 107312 98532
1787995539 107312 98532
1787995540 107312 98532
1787995541 107312 98532
1787995542 107312 98532
1787995543 107312 98532
1787995544 107312 98532
1787995545 107312 98532
1787995546 107312 98532
1787995547 107312 98532
1787995548 107312 98532
1787995549 107312 98532
1787995550 107312 98532
1787995551 107312 98532
1787995552 107312 98532
1787995553 107312 98532
1787995554 107312 98532
1787995555 107312 98532
1787995556 107312 98532
1787995557 107312 98532
1787995558 107312 98532
1787995559 107312 98532
1787995560 107312 98532
1787995561 107312 98532
1787995562 107312 98532
1787995563 107312 98532
1787995564 107312 98532
1787995565 107312 98532
1787995566 107312 98532
1787995567 107312 98532
1787995568 107312 98532
1787995569 107312 98532
1787995570 107312 98532
1787995571 107312 98532
1787995572 107312 98532
1787995573 107312 98532
1787995574 107312 98532
1787995575 107312 98532
1787995576 107312 98532
1787995577 107312 98532
1787995578 107312 98532
1787995579 107312 98532
1787995580 107312 98532
1787995581 107312 98532
1787995582 107312 98532
1787995583 107312 98532
1787995584 107312 98532
1787995585 107312 98532
1787995586 107312 98532
1787995587 107312 98532
1787995588 107312 98532
1787995589 107312 98532
1787995590 107312 98532
1787995591 107312 98532
1787995592 107312 98532
1787995593 107312 98532
1787995594 107312 98532
1787995595 107312 98532
1787995596 107312 98532
1787995597 107312 98532
1787995598 107312 98532
1787995599 107312 98532
1787995600 107312 98532
1787995601 107312 98532
1787995602 107312 98532
1787995603 107312 98532
1787995604 107312 98532
1787995605 107312 98532
1787995606 107312 98532
1787995607 107312 98532
1787995608 107312 98532
1787995609 107312 98532
1787995610 107312 98532
1787995611 107312 98532
1787995612 107312 98532
1787995613 107312 98532
1787995614 107312 98532
1787995615 107312 98532
1787995616 107312 98532
1787995617 107312 98532
1787995618 107312 98532
1787995619 107312 98532
1787995620 107312 98532
1787995621 107312 98532
1787995622 107312 98532
1787995623 107312 98532
1787995624 107312 98532
1787995625 107312 98532
1787995626 107312 98532
1787995627 107312 98532
1787995628 107312 98532
1787995629 107312 98532
1787995630 107312 98532
1787995631 107312 98532
1787995632 107312 98532
1787995633 107312 98532
1787995635 107312 98532
1787995636 107312 98532
1787995637 107312 98532
1787995638 107312 98532
1787995639 107312 98532
1787995640 107312 98532
1787995641 107312 98532
1787995642 107312 98532
1787995643 107312 98532
1787995644 107312 98532
1787995645 107312 98532
1787995646 107312 98532
1787995647 107312 98532
1787995648 107312 98532
1787995649 107312 98532
1787995650 107312 98532
1787995651 107312 98532
1787995652 107312 98532
1787995653 107312 98532
1787995654 107312 98532
1787995655 107312 98532
1787995656 107312 98532
1787995657 107312 98532
1787995658 107312 98532
1787995659 107312 98532
1787995660 107312 98532
1787995661 107312 98532
1787995662 107312 98532
1787995663 107312 98532
1787995664 107312 98532
1787995665 107312 98532
1787995666 107312 98532
1787995667 107312 98532
1787995668 107312 98532
1787995669 107312 98532
1787995670 107312 98532
1787995671 107312 98532
1787995672 107312 98532
1787995673 107312 98532
1787995674 107312 98532
1787995675 107312 98532
1787995676 107312 98532
1787995677 107312 98532
1787995678 107312 98532
1787995679 107312 98532
1787995680 107312 98532
1787995681 107312 98532
1787995682 107312 98532
1787995683 107312 98532
1787995684 107312 98532
1787995685 107312 98532
1787995686 107312 98532
1787995687 107312 98532
1787995688 107312 98532
1787995689 107312 98532
1787995690 107312 98532
1787995691 107312 98532
1787995692 107312 98532
1787995693 107312 98532
1787995694 107312 98532
1787995695 107312 98532
1787995696 107312 98532
1787995697 107312 98532
1787995698 107312 98532
1787995699 107312 98532
1787995700 107312 98532
1787995701 107312 98532
1787995702 107312 98532
1787995703 107312 98532
1787995704 107312 98532
1787995705 107312 98532
1787995706 107312 98532
1787995707 107312 98532
1787995708 107340 98560
1787995709 107340 98560
1787995710 107340 98560
1787995711 107340 98560
1787995712 107340 98560
1787995713 107340 98560
1787995714 107340 98560
1787995715 107340 98560
1787995716 107340 98560
1787995717 107340 98560
1787995718 107320 98540
1787995719 107320 98540
1787995720 107320 98540
1787995721 107320 98540
1787995722 107320 98540
1787995723 107320 98540
1787995724 107320 98540
1787995725 107320 98540
1787995726 107320 98540
1787995727 107320 98540
1787995728 107320 98540
1787995729 107320 98540
1787995730 107320 98540
1787995731 107320 98540
1787995732 107320 98540
1787995733 107320 98540
1787995734 107320 98540
1787995735 107320 98540
1787995736 107320 98540
1787995737 107320 98540
1787995738 107320 98540
1787995739 107320 98540
1787995740 107320 98540
1787995741 107320 98540
1787995743 107320 98540
1787995744 107320 98540
1787995745 107320 98540
1787995746 107320 98540
1787995747 107320 98540
1787995748 107320 98540
1787995749 107320 98540
1787995750 107320 98540
1787995751 107320 98540
1787995752 107320 98540
1787995753 106352 97572
1787995754 106352 97572
1787995755 106352 97572
1787995756 106352 97572
1787995757 106352 97572
1787995758 106352 97572
1787995759 106352 97572
1787995760 106352 97572
1787995761 106352 97572
1787995762 106352 97572
1787995763 106352 97572
1787995764 106352 97572
1787995765 106352 97572
1787995766 106352 97572
1787995767 106352 97572
1787995768 106352 97572
1787995769 106352 97572
1787995770 106352 97572
1787995771 106352 97572
1787995772 106352 97572
1787995773 106352 97572
1787995774 106352 97572
1787995775 106352 97572
1787995776 106352 97572
1787995777 106352 97572
1787995778 106352 97572
1787995779 106352 97572
1787995780 106352 97572
1787995781 106352 97572
1787995782 106356 97576
1787995783 106356 97576
1787995784 106356 97576
1787995785 106356 97576
1787995786 106356 97576
1787995787 106356 97576
1787995788 106356 97576
1787995789 106356 97576
1787995790 106356 97576
1787995791 106356 97576
1787995792 106356 97576
1787995793 106356 97576
1787995794 106356 97576
1787995795 106356 97576
1787995796 106356 97576
1787995797 106356 97576
1787995798 106356 97576
1787995799 106356 97576
1787995800 106356 97576
1787995801 106356 97576
1787995802 106356 97576
1787995803 106356 97576
1787995804 106356 97576
1787995805 106356 97576
1787995806 106356 97576
1787995807 106356 97576
1787995808 106356 97576
1787995809 106356 97576
1787995810 106356 97576
1787995811 106356 97576
1787995812 106356 97576
1787995813 106356 97576
1787995814 106356 97576
1787995815 106356 97576
1787995816 106356 97576
1787995817 106356 97576
1787995818 106356 97576
1787995819 106356 97576
1787995820 106356 97576
1787995821 106356 97576
1787995822 106356 97576
1787995823 106356 97576
1787995824 106356 97576
1787995825 106356 97576
1787995826 106356 97576
1787995827 106356 97576
1787995828 106356 97576
1787995829 106356 97576
1787995830 106356 97576
1787995831 106356 97576
1787995832 106356 97576
1787995833 106356 97576
1787995834 106356 97576
1787995835 106356 97576
1787995836 106356 97576
1787995837 106356 97576
1787995838 106356 97576
1787995839 106356 97576
1787995840 106356 97576
1787995841 106356 97576
1787995842 106356 97576
1787995843 106356 97576
1787995844 106356 97576
1787995846 106356 97576
1787995847 106356 97576
1787995848 106356 97576
1787995849 106356 97576
1787995850 106356 97576
1787995851 106356 97576
1787995852 106356 97576
1787995853 106356 97576
1787995854 106356 97576
1787995855 106356 97576
1787995856 106356 97576
1787995857 106356 97576
1787995858 106356 97576
1787995859 106356 97576
1787995860 106356 97576
1787995861 106356 97576
1787995862 106356 97576
1787995863 106356 97576
1787995864 106356 97576
1787995865 106356 97576
1787995866 106356 97576
1787995867 106356 97576
1787995868 106356 97576
1787995869 106356 97576
1787995870 106356 97576
1787995871 106356 97576
1787995872 106356 97576
1787995873 106356 97576
1787995874 106356 97576
1787995875 106356 97576
1787995876 106356 97576
1787995877 106356 97576
1787995878 106356 97576
1787995879 106356 97576
1787995880 106356 97576
1787995881 106356 97576
1787995882 106356 97576
1787995883 106356 97576
1787995884 106356 97576
1787995885 106356 97576
1787995886 106356 97576
1787995887 106356 97576
1787995888 106356 97576
1787995889 106356 97576
1787995890 106356 97576
1787995891 106356 97576
1787995892 106356 97576
1787995893 106356 97576
1787995894 106356 97576
1787995895 106356 97576
1787995896 106356 97576
1787995897 106356 97576
1787995898 106356 97576
1787995899 106356 97576
1787995900 106356 97576
1787995901 106356 97576
1787995902 106356 97576
1787995903 106356 97576
1787995904 106356 97576
1787995905 106356 97576
1787995906 106356 97576
1787995907 106356 97576
1787995908 106356 97576
1787995909 106356 97576
1787995910 106356 97576
1787995911 106356 97576
1787995912 106356 97576
1787995913 106356 97576
1787995914 106356 97576
1787995915 107376 98596
1787995916 107376 98596
1787995917 107376 98596
1787995918 107376 98596
1787995919 107376 98596
1787995920 107376 98596
1787995921 107376 98596
1787995922 107376 98596
1787995923 107376 98596
1787995924 107376 98596
1787995925 107888 99108
1787995926 107888 99108
1787995927 107888 99108
1787995928 107888 99108
1787995929 107888 99108
1787995930 107888 99108
1787995931 107888 99108
1787995932 107888 99108
1787995933 107888 99108
1787995934 107888 99108
1787995935 107888 99108
1787995936 107888 99108
1787995937 107888 99108
1787995938 107888 99108
1787995939 107888 99108
1787995940 107888 99108
1787995941 107888 99108
1787995942 107888 99108
1787995943 107888 99108
1787995944 107888 99108
1787995945 107888 99108
1787995946 107888 99108
1787995947 107888 99108
1787995948 107888 99108
1787995949 107888 99108
1787995950 107888 99108
1787995951 107888 99108
1787995952 107888 99108
1787995953 107888 99108
1787995954 107888 99108
1787995955 107888 99108
1787995956 107888 99108
1787995957 107888 99108
1787995958 107888 99108
1787995960 107888 99108
1787995961 107888 99108
1787995962 107888 99108
1787995963 107888 99108
1787995964 107888 99108
1787995965 107888 99108
1787995966 107888 99108
1787995967 107888 99108
1787995968 107888 99108
1787995969 107888 99108
1787995970 107888 99108
1787995971 107888 99108
1787995972 107888 99108
1787995973 107888 99108
1787995974 107888 99108
1787995975 107888 99108
1787995976 107888 99108
1787995977 108336 99556
1787995978 108336 99556
1787995979 108336 99556
1787995980 108336 99556
1787995981 108336 99556
1787995982 108336 99556
1787995983 108336 99556
1787995984 108336 99556
1787995985 108336 99556
1787995986 108336 99556
1787995987 108336 99556
1787995988 108336 99556
1787995989 108336 99556
1787995990 108336 99556
1787995991 108336 99556
1787995992 108336 99556
1787995993 108336 99556
1787995994 108336 99556
1787995995 108336 99556
1787995996 108336 99556
1787995997 108336 99556
1787995998 108336 99556
1787995999 108336 99556
1787996000 108336 99556
1787996001 108336 99556
1787996002 108336 99556
1787996003 108336 99556
1787996004 108336 99556
1787996005 108336 99556
1787996006 108336 99556
1787996007 108336 99556
1787996008 108336 99556
1787996009 108344 99564
1787996010 108344 99564
1787996011 108344 99564
1787996012 108344 99564
1787996013 108344 99564
1787996014 108344 99564
1787996015 108344 99564
1787996016 108344 99564
1787996017 108344 99564
1787996018 108336 99556
1787996019 108336 99556
1787996020 108336 99556
1787996021 108336 99556
1787996022 108336 99556
1787996023 108336 99556
1787996024 108336 99556
1787996025 108336 99556
1787996026 108336 99556
1787996027 108336 99556
1787996028 108336 99556
1787996029 108336 99556
1787996030 108336 99556
1787996031 108336 99556
1787996032 108336 99556
1787996033 108336 99556
1787996034 108336 99556
1787996035 108336 99556
1787996036 108336 99556
1787996037 108336 99556
1787996038 108336 99556
1787996039 108336 99556
1787996040 108336 99556
1787996041 108336 99556
1787996042 108336 99556
1787996043 108336 99556
1787996044 108336 99556
1787996045 108336 99556
1787996046 108336 99556
1787996047 108336 99556
1787996048 108336 99556
1787996049 108336 99556
1787996050 108336 99556
1787996051 108336 99556
1787996052 108336 99556
1787996053 108336 99556
1787996054 108336 99556
1787996055 108336 99556
1787996056 108336 99556
1787996057 108336 99556
1787996058 108336 99556
1787996059 108336 99556
1787996061 108336 99556
1787996062 108336 99556
1787996063 108336 99556
1787996064 108336 99556
1787996065 108336 99556
1787996066 108336 99556
1787996067 108336 99556
1787996068 108336 99556
1787996069 108352 99572
1787996070 108352 99572
1787996071 108352 99572
1787996072 108352 99572
1787996073 108352 99572
1787996074 108384 99604
1787996075 108384 99604
1787996076 108384 99604
1787996077 108384 99604
1787996078 108384 99604
1787996079 108304 99524
1787996080 108304 99524
1787996081 108304 99524
1787996082 108304 99524
1787996083 108304 99524
1787996084 108304 99524
1787996085 108304 99524
1787996086 108304 99524
1787996087 108304 99524
1787996088 108304 99524
1787996089 108312 99532
1787996090 108312 99532
1787996091 108312 99532
1787996092 108312 99532
1787996093 108312 99532
1787996094 108312 99532
1787996095 108312 99532
1787996096 108312 99532
1787996097 108312 99532
1787996098 108312 99532
1787996099 108312 99532
1787996100 108312 99532
1787996101 108312 99532
1787996102 108312 99532
1787996103 108312 99532
1787996104 108312 99532
1787996105 108312 99532
1787996106 108312 99532
1787996107 108312 99532
1787996108 108312 99532
1787996109 108312 99532
1787996110 108312 99532
1787996111 108312 99532
1787996112 108312 99532
1787996113 108312 99532
1787996114 108312 99532
1787996115 108312 99532
1787996116 108312 99532
1787996117 108312 99532
1787996118 108312 99532
1787996119 108312 99532
1787996120 108312 99532
1787996121 108312 99532
1787996122 108312 99532
1787996123 108312 99532
1787996124 108312 99532
1787996125 108312 99532
1787996126 108312 99532
1787996127 108312 99532
1787996128 108312 99532
1787996129 108312 99532
1787996130 108312 99532
1787996131 108312 99532
1787996132 108312 99532
1787996133 108312 99532
1787996134 108312 99532
1787996135 108312 99532
1787996136 108312 99532
1787996137 108312 99532
1787996138 108312 99532
1787996139 108312 99532
1787996140 108312 99532
1787996141 108312 99532
1787996142 108312 99532
1787996143 108312 99532
1787996144 108312 99532
1787996145 108312 99532
1787996146 108312 99532
1787996147 108312 99532
1787996148 108312 99532
1787996149 108312 99532
1787996150 108312 99532
1787996151 108312 99532
1787996152 108312 99532
1787996153 108312 99532
1787996154 108312 99532
1787996155 108312 99532
1787996156 108312 99532
1787996158 108312 99532
1787996159 108312 99532
1787996160 108312 99532
1787996161 108312 99532
1787996162 108312 99532
1787996163 108312 99532
1787996164 108312 99532
1787996165 108312 99532
1787996166 108312 99532
1787996167 108312 99532
1787996168 108312 99532
1787996169 108312 99532
1787996170 108312 99532
1787996171 108312 99532
1787996172 108312 99532
1787996173 108312 99532
1787996174 108312 99532
1787996175 108312 99532
1787996176 108312 99532
1787996177 108312 99532
1787996178 108312 99532
1787996179 108312 99532
1787996180 108312 99532
1787996181 108312 99532
1787996182 108312 99532
1787996183 108312 99532
1787996184 108312 99532
1787996185 108312 99532
1787996186 108312 99532
1787996187 108312 99532
1787996188 108312 99532
1787996189 108312 99532
1787996190 108312 99532
1787996191 108312 99532
1787996192 108312 99532
1787996193 108312 99532
1787996194 108312 99532
1787996195 108312 99532
1787996196 108312 99532
1787996197 108312 99532
1787996198 108316 99536
1787996199 108316 99536
1787996200 108316 99536
1787996201 108316 99536
1787996202 108316 99536
1787996203 108316 99536
1787996204 108316 99536
1787996205 108316 99536
1787996206 108316 99536
1787996207 108316 99536
1787996208 108316 99536
1787996209 108316 99536
1787996210 108316 99536
1787996211 108316 99536
1787996212 108316 99536
1787996213 108316 99536
1787996214 108316 99536
1787996215 108316 99536
1787996216 108316 99536
1787996217 108316 99536
1787996218 108316 99536
1787996219 108316 99536
1787996220 108316 99536
1787996221 108316 99536
1787996222 108316 99536
1787996223 108316 99536
1787996224 108316 99536
1787996225 108316 99536
1787996226 108316 99536
1787996227 108316 99536
1787996228 108316 99536
1787996229 108316 99536
1787996230 108316 99536
1787996231 108316 99536
1787996232 108316 99536
1787996233 108316 99536
1787996234 108316 99536
1787996235 108316 99536
1787996236 108316 99536
1787996237 108316 99536
1787996238 108316 99536
1787996239 108316 99536
1787996240 108316 99536
1787996241 108316 99536
1787996242 108316 99536
1787996243 108316 99536
1787996244 108316 99536
1787996245 108316 99536
1787996246 108316 99536
1787996247 108316 99536
1787996248 108316 99536
1787996249 108316 99536
1787996250 108316 99536
1787996251 108316 99536
1787996252 108316 99536
1787996253 108316 99536
1787996254 108316 99536
1787996255 108316 99536
1787996256 108316 99536
1787996257 108316 99536
1787996258 108316 99536
1787996259 108316 99536
1787996260 108316 99536
1787996261 108316 99536
1787996262 108316 99536
1787996263 108316 99536
1787996264 108316 99536
1787996265 108316 99536
1787996266 108316 99536
1787996268 108316 99536
1787996269 108316 99536
1787996270 108316 99536
1787996271 108316 99536
1787996272 108316 99536
1787996273 108316 99536
1787996274 108316 99536
1787996275 108316 99536
1787996276 108316 99536
1787996277 108316 99536
1787996278 108316 99536
1787996279 108316 99536
1787996280 108316 99536
1787996281 108316 99536
1787996282 108316 99536
1787996283 108316 99536
1787996284 108316 99536
1787996285 108316 99536
1787996286 108316 99536
1787996287 108316 99536
1787996288 108316 99536
1787996289 108316 99536
1787996290 108316 99536
1787996291 108316 99536
1787996292 108316 99536
1787996293 108316 99536
1787996294 108316 99536
1787996295 108316 99536
1787996296 108316 99536
1787996297 108316 99536
1787996298 108316 99536
1787996299 108316 99536
1787996300 108316 99536
1787996301 108316 99536
1787996302 108316 99536
1787996303 108316 99536
1787996304 108316 99536
1787996305 108316 99536
1787996306 108316 99536
1787996307 108316 99536
1787996308 108316 99536
1787996309 108324 99544
1787996310 108324 99544
1787996311 108324 99544
1787996312 108324 99544
1787996313 108324 99544
1787996314 108324 99544
1787996315 108324 99544
1787996316 108324 99544
1787996317 108324 99544
1787996318 108324 99544
1787996319 108252 99472
1787996320 108268 99488
1787996321 108268 99488
1787996322 108268 99488
1787996323 108268 99488
1787996324 108268 99488
1787996325 108268 99488
1787996326 108268 99488
1787996327 108268 99488
1787996328 108268 99488
1787996329 108268 99488
1787996330 108268 99488
1787996331 108268 99488
1787996332 108268 99488
1787996333 108268 99488
1787996334 108268 99488
1787996335 108268 99488
1787996336 108268 99488
1787996337 108268 99488
1787996338 108268 99488
1787996339 108268 99488
1787996340 108268 99488
1787996341 108268 99488
1787996342 108268 99488
1787996343 108268 99488
1787996344 108268 99488
1787996345 108268 99488
1787996346 108268 99488
1787996347 108268 99488
1787996348 108268 99488
1787996349 108268 99488
1787996350 108268 99488
1787996351 108268 99488
1787996352 108268 99488
1787996353 108268 99488
1787996354 108268 99488
1787996355 108268 99488
1787996356 108268 99488
1787996357 108268 99488
1787996358 108268 99488
1787996359 108268 99488
1787996360 108268 99488
1787996361 108268 99488
1787996362 108268 99488
1787996363 108268 99488
1787996364 108268 99488
1787996365 108268 99488
1787996366 108268 99488
1787996367 108268 99488
1787996368 108268 99488
1787996369 108268 99488
1787996370 108268 99488
1787996371 108268 99488
1787996372 108268 99488
1787996373 108268 99488
1787996374 108268 99488
1787996375 108268 99488
1787996376 108268 99488
1787996377 108268 99488
1787996378 108268 99488
1787996379 108268 99488
1787996380 108268 99488
1787996381 108268 99488
1787996382 108268 99488
1787996383 108268 99488
1787996384 108268 99488
1787996385 108268 99488
1787996386 108268 99488
1787996388 108268 99488
1787996389 108268 99488
1787996390 108268 99488
1787996391 108268 99488
1787996392 108268 99488
1787996393 108268 99488
1787996394 108268 99488
1787996395 108268 99488
1787996396 108268 99488
1787996397 108268 99488
1787996398 108268 99488
1787996399 108268 99488
1787996400 108268 99488
1787996401 108268 99488
1787996402 108268 99488
1787996403 108268 99488
1787996404 108268 99488
1787996405 108268 99488
1787996406 108268 99488
1787996407 108268 99488
1787996408 108268 99488
1787996409 108268 99488
1787996410 108268 99488
1787996411 108268 99488
1787996412 108268 99488
1787996413 108268 99488
1787996414 108268 99488
1787996415 108268 99488
1787996416 108268 99488
1787996417 108268 99488
1787996418 108268 99488
1787996419 108268 99488
1787996420 108268 99488
1787996421 108268 99488
1787996422 108268 99488
1787996423 108268 99488
1787996424 108268 99488
1787996425 108268 99488
1787996426 108268 99488
1787996427 108268 99488
1787996428 108268 99488
1787996429 108292 99512
1787996430 108292 99512
1787996431 108292 99512
1787996432 108292 99512
1787996433 108292 99512
1787996434 108292 99512
1787996435 108292 99512
1787996436 108292 99512
1787996437 108292 99512
1787996438 108292 99512
1787996439 108276 99496
1787996440 108276 99496
1787996441 108276 99496
1787996442 108276 99496
1787996443 108276 99496
1787996444 108276 99496
1787996445 108276 99496
1787996446 108276 99496
1787996447 108276 99496
1787996448 108276 99496
1787996449 108276 99496
1787996450 108276 99496
1787996451 108276 99496
1787996452 108276 99496
1787996453 108276 99496
1787996454 108276 99496
1787996455 108276 99496
1787996456 108276 99496
1787996457 108276 99496
1787996458 108276 99496
1787996459 108276 99496
1787996460 108276 99496
1787996461 108276 99496
1787996462 108276 99496
1787996463 108276 99496
1787996464 108276 99496
1787996465 108276 99496
1787996466 108276 99496
1787996467 108276 99496
1787996468 108276 99496
1787996469 108276 99496
1787996470 108276 99496
1787996471 108276 99496
1787996472 108276 99496
1787996473 108276 99496
1787996474 108276 99496
1787996475 108276 99496
1787996476 108276 99496
1787996477 108276 99496
1787996478 108276 99496
1787996479 108276 99496
1787996480 108276 99496
1787996481 108276 99496
1787996482 108276 99496
1787996483 108276 99496
1787996484 108276 99496
1787996485 108276 99496
1787996486 108276 99496
1787996487 108276 99496
1787996488 108276 99496
1787996489 108276 99496
1787996490 108276 99496
1787996491 108276 99496
1787996492 108276 99496
1787996493 108276 99496
1787996494 108276 99496
1787996495 108276 99496
1787996496 108276 99496
1787996497 108276 99496
1787996498 108276 99496
1787996499 108276 99496
1787996500 108276 99496
1787996501 108276 99496
1787996502 108276 99496
1787996503 108276 99496
1787996504 108276 99496
1787996505 108276 99496
1787996506 108276 99496
1787996507 108276 99496
1787996508 108276 99496
1787996510 108276 99496
1787996511 108276 99496
1787996512 108276 99496
1787996513 108276 99496
1787996514 108276 99496
1787996515 108276 99496
1787996516 108276 99496
1787996517 108276 99496
1787996518 108276 99496
1787996519 108276 99496
1787996520 108276 99496
1787996521 108276 99496
1787996522 108276 99496
1787996523 108276 99496
1787996524 108276 99496
1787996525 108276 99496
1787996526 108276 99496
1787996527 108276 99496
1787996528 108276 99496
1787996529 108276 99496
1787996530 108276 99496
1787996531 108276 99496
1787996532 108276 99496
1787996533 108276 99496
1787996534 108276 99496
1787996535 108276 99496
1787996536 108276 99496
1787996537 108276 99496
1787996538 108276 99496
1787996539 108276 99496
1787996540 108276 99496
1787996541 108276 99496
1787996542 108276 99496
1787996543 108276 99496
1787996544 108276 99496
1787996545 108276 99496
1787996546 108276 99496
1787996547 108276 99496
1787996548 108276 99496
1787996549 108276 99496
1787996550 108276 99496
1787996551 108276 99496
1787996552 108276 99496
1787996553 108276 99496
1787996554 108276 99496
1787996555 108276 99496
1787996556 108276 99496
1787996557 108276 99496
1787996558 108276 99496
1787996559 108276 99496
1787996560 108276 99496
1787996561 108276 99496
1787996562 108276 99496
1787996563 108276 99496
1787996564 108276 99496
1787996565 108276 99496
1787996566 108276 99496
1787996567 108276 99496
1787996568 108276 99496
1787996569 108276 99496
1787996570 108276 99496
1787996571 108332 99552
1787996572 108332 99552
1787996573 108332 99552
1787996574 108332 99552
1787996575 108332 99552
1787996576 108332 99552
1787996577 108332 99552
1787996578 108332 99552
1787996579 108332 99552
1787996580 108332 99552
1787996581 108332 99552
1787996582 108332 99552
1787996583 108332 99552
1787996584 108332 99552
1787996585 108332 99552
1787996586 108332 99552
1787996587 108332 99552
1787996588 108332 99552
1787996589 108332 99552
1787996590 108332 99552
1787996591 108332 99552
1787996592 108332 99552
1787996593 108332 99552
1787996594 108332 99552
1787996595 108332 99552
1787996596 108332 99552
1787996597 108332 99552
1787996598 108332 99552
1787996599 108332 99552
1787996600 108332 99552
1787996601 108332 99552
1787996602 108332 99552
1787996603 108332 99552
1787996604 108332 99552
1787996605 108332 99552
1787996606 108332 99552
1787996607 108332 99552
1787996608 108340 99560
1787996609 108340 99560
1787996610 108340 99560
1787996611 108340 99560
1787996612 108340 99560
1787996613 108340 99560
1787996614 108340 99560
1787996615 108340 99560
1787996616 108340 99560
1787996617 108340 99560
1787996618 107884 99104
1787996619 107884 99104
1787996620 107884 99104
1787996621 107884 99104
1787996622 107884 99104
1787996623 107884 99104
1787996624 107884 99104
1787996625 107884 99104
1787996626 107884 99104
1787996627 107884 99104
1787996628 107884 99104
1787996629 107884 99104
1787996631 107884 99104
1787996632 107884 99104
1787996633 107940 99160
1787996634 107940 99160
1787996635 107940 99160
1787996636 107940 99160
1787996637 107940 99160
1787996638 107940 99160
1787996639 107940 99160
1787996640 107940 99160
1787996641 107940 99160
1787996642 107940 99160
1787996643 107940 99160
1787996644 107940 99160
1787996645 107940 99160
1787996646 107940 99160
1787996647 107940 99160
1787996648 107940 99160
1787996649 107940 99160
1787996650 107940 99160
1787996651 107940 99160
1787996652 107940 99160
1787996653 107940 99160
1787996654 107940 99160
1787996655 107940 99160
1787996656 107940 99160
1787996657 107940 99160
1787996658 107940 99160
1787996659 107940 99160
1787996660 107940 99160
1787996661 107940 99160
1787996662 107940 99160
1787996663 107940 99160
1787996664 107940 99160
1787996665 107940 99160
1787996666 107940 99160
1787996667 107940 99160
1787996668 107940 99160
1787996669 107940 99160
1787996670 107940 99160
1787996671 107940 99160
1787996672 107940 99160
1787996673 107940 99160
1787996674 107940 99160
1787996675 107940 99160
1787996676 107940 99160
1787996677 107940 99160
1787996678 107940 99160
1787996679 107940 99160
1787996680 107940 99160
1787996681 107940 99160
1787996682 107940 99160
1787996683 107940 99160
1787996684 107940 99160
1787996685 107940 99160
1787996686 107940 99160
1787996687 107940 99160
1787996688 107940 99160
1787996689 107940 99160
1787996690 107940 99160
1787996691 107940 99160
1787996692 107940 99160
1787996693 107940 99160
1787996694 107940 99160
1787996695 107940 99160
1787996696 107940 99160
1787996697 107940 99160
1787996698 107940 99160
1787996699 107940 99160
1787996700 107940 99160
1787996701 107940 99160
1787996702 107940 99160
1787996703 107940 99160
1787996704 107940 99160
1787996705 107940 99160
1787996706 107940 99160
1787996707 107940 99160
1787996708 107940 99160
1787996709 107940 99160
1787996710 107940 99160
1787996711 107940 99160
1787996712 107940 99160
1787996713 107940 99160
1787996714 107940 99160
1787996715 107940 99160
1787996716 107940 99160
1787996717 107940 99160
1787996718 107940 99160
1787996719 107940 99160
1787996720 107940 99160
1787996721 107940 99160
1787996722 107940 99160
1787996723 107940 99160
1787996724 107940 99160
1787996725 107940 99160
1787996726 107940 99160
1787996727 107940 99160
1787996728 107940 99160
1787996729 107940 99160
1787996730 107940 99160
1787996731 107940 99160
1787996732 107940 99160
1787996733 107940 99160
1787996734 107940 99160
1787996735 107940 99160
1787996736 107940 99160
1787996737 107940 99160
1787996738 107940 99160
1787996739 107940 99160
1787996740 107940 99160
1787996741 107940 99160
1787996742 107940 99160
1787996743 107940 99160
1787996744 107940 99160
1787996746 107940 99160
1787996747 107940 99160
1787996748 107940 99160
1787996749 107940 99160
1787996750 107940 99160
1787996751 107940 99160
1787996752 107940 99160
1787996753 107940 99160
1787996754 107940 99160
1787996755 107940 99160
1787996756 107940 99160
1787996757 107940 99160
1787996758 107940 99160
1787996759 107940 99160
1787996760 107940 99160
1787996761 107940 99160
1787996762 107940 99160
1787996763 107940 99160
1787996764 107940 99160
1787996765 107940 99160
1787996766 107940 99160
1787996767 107940 99160
1787996768 107940 99160
1787996769 107940 99160
1787996770 107940 99160
1787996771 107940 99160
1787996772 107940 99160
1787996773 107940 99160
1787996774 107940 99160
1787996775 107940 99160
1787996776 107940 99160
1787996777 107940 99160
1787996778 107940 99160
1787996779 107940 99160
1787996780 107940 99160
1787996781 107940 99160
1787996782 107940 99160
1787996783 107940 99160
1787996784 107940 99160
1787996785 107940 99160
1787996786 107940 99160
1787996787 107940 99160
1787996788 107940 99160
1787996789 107956 99176
1787996790 107956 99176
1787996791 107956 99176
1787996792 107956 99176
1787996793 107956 99176
1787996794 107956 99176
1787996795 107956 99176
1787996796 107956 99176
1787996797 107956 99176
1787996798 107956 99176
1787996799 107940 99160
1787996800 107940 99160
1787996801 107940 99160
1787996802 107940 99160
1787996803 107940 99160
1787996804 107940 99160
1787996805 107940 99160
1787996806 107940 99160
1787996807 107940 99160
1787996808 107940 99160
1787996809 107940 99160
1787996810 107940 99160
1787996811 107940 99160
1787996812 107940 99160
1787996813 107940 99160
1787996814 107940 99160
1787996815 107940 99160
1787996816 107940 99160
1787996817 107940 99160
1787996818 107940 99160
1787996819 107940 99160
1787996820 107940 99160
1787996821 107940 99160
1787996822 107940 99160
1787996823 107940 99160
1787996824 107940 99160
1787996825 107940 99160
1787996826 107940 99160
1787996827 107940 99160
1787996828 107940 99160
1787996829 107940 99160
1787996830 107940 99160
1787996831 107940 99160
1787996832 107940 99160
1787996833 107940 99160
1787996834 107940 99160
1787996835 107940 99160
1787996836 107940 99160
1787996837 107940 99160
1787996838 107940 99160
1787996839 107940 99160
1787996840 107940 99160
1787996841 107940 99160
1787996842 107940 99160
1787996843 107940 99160
1787996844 107940 99160
1787996845 107940 99160
1787996846 107940 99160
1787996847 107940 99160
1787996848 107940 99160
1787996850 107940 99160
1787996851 107940 99160
1787996852 107940 99160
1787996853 107940 99160
1787996854 107940 99160
1787996855 107940 99160
1787996856 107940 99160
1787996857 107940 99160
1787996858 107940 99160
1787996859 107940 99160
1787996860 107940 99160
1787996861 107940 99160
1787996862 107940 99160
1787996863 107940 99160
1787996864 107940 99160
1787996865 107940 99160
1787996866 107940 99160
1787996867 107940 99160
1787996868 107940 99160
1787996869 107940 99160
1787996870 107940 99160
1787996871 107940 99160
1787996872 107940 99160
1787996873 107940 99160
1787996874 107940 99160
1787996875 107940 99160
1787996876 107940 99160
1787996877 107940 99160
1787996878 107940 99160
1787996879 107940 99160
1787996880 107940 99160
1787996881 107940 99160
1787996882 107940 99160
1787996883 107940 99160
1787996884 107940 99160
1787996885 107940 99160
1787996886 107940 99160
1787996887 107940 99160
1787996888 107940 99160
1787996889 107940 99160
1787996890 107940 99160
1787996891 107940 99160
1787996892 107940 99160
1787996893 107940 99160
1787996894 107940 99160
1787996895 107940 99160
1787996896 107940 99160
1787996897 107940 99160
1787996898 107940 99160
1787996899 107940 99160
1787996900 107940 99160
1787996901 107940 99160
1787996902 107940 99160
1787996903 107940 99160
1787996904 107940 99160
1787996905 107940 99160
1787996906 107940 99160
1787996907 107940 99160
1787996908 107960 99180
1787996909 107960 99180
1787996910 107960 99180
1787996911 107960 99180
1787996912 107960 99180
1787996913 107960 99180
1787996914 107960 99180
1787996915 107960 99180
1787996916 107960 99180
1787996917 107960 99180
1787996918 107556 98776
1787996919 107556 98776
1787996920 107560 98780
1787996921 107560 98780
1787996922 107560 98780
1787996923 107560 98780
1787996924 107560 98780
1787996925 107560 98780
1787996926 107560 98780
1787996927 107560 98780
1787996928 107560 98780
1787996929 107560 98780
1787996930 107560 98780
1787996931 107560 98780
1787996932 107560 98780
1787996933 107560 98780
1787996934 107560 98780
1787996935 107560 98780
1787996936 107560 98780
1787996937 107560 98780
1787996938 107560 98780
1787996939 107560 98780
1787996940 107560 98780
1787996941 107560 98780
1787996942 107560 98780
1787996943 107560 98780
1787996944 107560 98780
1787996945 107560 98780
1787996946 107560 98780
1787996947 107560 98780
1787996948 107560 98780
1787996950 107560 98780
1787996951 107560 98780
1787996952 107560 98780
1787996953 107560 98780
1787996954 107560 98780
1787996955 107560 98780
1787996956 107560 98780
1787996957 107560 98780
1787996958 107560 98780
1787996959 107560 98780
1787996960 107560 98780
1787996961 107560 98780
1787996962 107560 98780
1787996963 107560 98780
1787996964 107560 98780
1787996965 107560 98780
1787996966 107560 98780
1787996967 107560 98780
1787996968 107560 98780
1787996969 107560 98780
1787996970 107560 98780
1787996971 107560 98780
1787996972 107560 98780
1787996973 107560 98780
1787996974 107560 98780
1787996975 107560 98780
1787996976 107560 98780
1787996977 107560 98780
1787996978 107560 98780
1787996979 107560 98780
1787996980 107560 98780
1787996981 107560 98780
1787996982 107560 98780
1787996983 107560 98780
1787996984 107560 98780
1787996985 107560 98780
1787996986 107560 98780
1787996987 107560 98780
1787996988 107560 98780
1787996989 107560 98780
1787996990 107560 98780
1787996991 107560 98780
1787996992 107560 98780
1787996993 107560 98780
1787996994 107560 98780
1787996995 107560 98780
1787996996 107560 98780
1787996997 107560 98780
1787996998 107560 98780
1787996999 107560 98780
1787997000 107560 98780
1787997001 107560 98780
1787997002 107560 98780
1787997003 107560 98780
1787997004 107560 98780
1787997005 107560 98780
1787997006 107560 98780
1787997007 107560 98780
1787997008 107560 98780
1787997009 107560 98780
1787997010 107560 98780
1787997011 107560 98780
1787997012 107560 98780
1787997013 107560 98780
1787997014 107560 98780
1787997015 107560 98780
1787997016 107560 98780
1787997017 107560 98780
1787997018 107560 98780
1787997019 107560 98780
1787997020 107560 98780
1787997021 107560 98780
1787997022 107560 98780
1787997023 107560 98780
1787997024 107560 98780
1787997025 107560 98780
1787997026 107560 98780
1787997027 107560 98780
1787997028 107560 98780
1787997029 107560 98780
1787997030 107560 98780
1787997031 107560 98780
1787997032 107560 98780
1787997033 107560 98780
1787997034 107560 98780
1787997035 107560 98780
1787997036 107560 98780
1787997037 107560 98780
1787997038 107560 98780
1787997039 107560 98780
1787997040 107560 98780
1787997041 107560 98780
1787997042 107560 98780
1787997043 107560 98780
1787997044 107560 98780
1787997045 107560 98780
1787997046 107560 98780
1787997047 107560 98780
1787997048 107560 98780
1787997049 107560 98780
1787997050 107560 98780
1787997051 107560 98780
1787997052 107560 98780
1787997053 107560 98780
1787997054 107560 98780
1787997055 107560 98780
1787997057 107560 98780
1787997058 107560 98780
1787997059 107560 98780
1787997060 107560 98780
1787997061 107560 98780
1787997062 107560 98780
1787997063 107560 98780
1787997064 107560 98780
1787997065 107560 98780
1787997066 107560 98780
1787997067 107560 98780
1787997068 107560 98780
1787997069 107560 98780
1787997070 107560 98780
1787997071 107560 98780
1787997072 107560 98780
1787997073 107560 98780
1787997074 107560 98780
1787997075 107560 98780
1787997076 107560 98780
1787997077 107560 98780
1787997078 107560 98780
1787997079 107560 98780
1787997080 107560 98780
1787997081 107560 98780
1787997082 107560 98780
1787997083 107560 98780
1787997084 107560 98780
1787997085 107560 98780
1787997086 107560 98780
1787997087 107560 98780
1787997088 107560 98780
1787997089 107560 98780
1787997090 107560 98780
1787997091 107560 98780
1787997092 107560 98780
1787997093 107560 98780
1787997094 107560 98780
1787997095 107560 98780
1787997096 107560 98780
1787997097 107560 98780
1787997098 107560 98780
1787997099 107560 98780
1787997100 107560 98780
1787997101 107560 98780
1787997102 107560 98780
1787997103 107560 98780
1787997104 107560 98780
1787997105 107560 98780
1787997106 107560 98780
1787997107 107560 98780
1787997108 107560 98780
1787997109 107560 98780
1787997110 107560 98780
1787997111 107560 98780
1787997112 107560 98780
1787997113 107560 98780
1787997114 107560 98780
1787997115 107560 98780
1787997116 107560 98780
1787997117 107560 98780
1787997118 107560 98780
1787997119 107560 98780
1787997120 107560 98780
1787997121 107560 98780
1787997122 107560 98780
1787997123 107560 98780
1787997124 107560 98780
1787997125 107560 98780
1787997126 107560 98780
1787997127 107560 98780
1787997128 107560 98780
1787997129 107560 98780
1787997130 107560 98780
1787997131 107560 98780
1787997132 107560 98780
1787997133 107560 98780
1787997134 107560 98780
1787997135 107560 98780
1787997136 107560 98780
1787997137 107560 98780
1787997138 107560 98780
1787997139 107560 98780
1787997140 107560 98780
1787997141 107560 98780
1787997142 107560 98780
1787997143 107560 98780
1787997144 107560 98780
1787997145 107560 98780
1787997146 107560 98780
1787997147 107560 98780
1787997148 107624 98844
1787997149 107624 98844
1787997150 107624 98844
1787997151 107624 98844
1787997152 107624 98844
1787997153 107624 98844
1787997154 107624 98844
1787997155 107624 98844
1787997156 107624 98844
1787997157 107624 98844
1787997158 107536 98756
1787997159 107536 98756
1787997161 107536 98756
1787997162 107536 98756
1787997163 107536 98756
1787997164 107536 98756
1787997165 107536 98756
1787997166 107536 98756
1787997167 107536 98756
1787997168 107536 98756
1787997169 107536 98756
1787997170 107536 98756
1787997171 107536 98756
1787997172 107536 98756
1787997173 107536 98756
1787997174 107536 98756
1787997175 107536 98756
1787997176 107536 98756
1787997177 107536 98756
1787997178 107536 98756
1787997179 107536 98756
1787997180 107536 98756
1787997181 107536 98756
1787997182 107536 98756
1787997183 107536 98756
1787997184 107536 98756
1787997185 107536 98756
1787997186 107536 98756
1787997187 107536 98756
1787997188 107536 98756
1787997189 107536 98756
1787997190 107536 98756
1787997191 107536 98756
1787997192 107536 98756
1787997193 107536 98756
1787997194 107536 98756
1787997195 107536 98756
1787997196 107536 98756
1787997197 107536 98756
1787997198 107536 98756
1787997199 107536 98756
1787997200 107536 98756
1787997201 107536 98756
1787997202 107536 98756
1787997203 107536 98756
1787997204 107536 98756
1787997205 107536 98756
1787997206 107536 98756
1787997207 107536 98756
1787997208 107536 98756
1787997209 107544 98764
1787997210 107544 98764
1787997211 107544 98764
1787997212 107544 98764
1787997213 107544 98764
1787997214 107544 98764
1787997215 107544 98764
1787997216 107544 98764
1787997217 107544 98764
1787997218 107544 98764
1787997219 107496 98716
1787997220 107496 98716
1787997221 107496 98716
1787997222 107496 98716
1787997223 107496 98716
1787997224 107496 98716
1787997225 107496 98716
1787997226 107944 99164
1787997227 107944 99164
1787997228 107944 99164
1787997229 107944 99164
1787997230 107944 99164
1787997231 107944 99164
1787997232 107944 99164
1787997233 107944 99164
1787997234 107944 99164
1787997235 107944 99164
1787997236 107944 99164
1787997237 107944 99164
1787997238 107944 99164
1787997239 107944 99164
1787997240 107944 99164
1787997241 107944 99164
1787997242 107944 99164
1787997243 107944 99164
1787997244 107944 99164
1787997245 107944 99164
1787997246 107944 99164
1787997247 107944 99164
1787997248 107944 99164
1787997249 107944 99164
1787997250 107944 99164
1787997251 107944 99164
1787997252 107944 99164
1787997253 107944 99164
1787997254 107944 99164
1787997255 107944 99164
1787997256 107944 99164
1787997257 107944 99164
1787997258 107944 99164
1787997259 107944 99164
1787997260 107944 99164
1787997261 107944 99164
1787997262 107944 99164
1787997263 107944 99164
1787997264 107944 99164
1787997265 107944 99164
1787997266 124404 115592
1787997266 JUMP +16460kB dumped
1787997267 147504 138688
1787997267 JUMP +23100kB dumped
1787997268 126436 117620
1787997269 122472 113656
1787997271 125060 116228
1787997272 241756 232872
1787997272 JUMP +116696kB dumped
1787997273 241756 232872
1787997274 241756 232872
1787997275 241756 232872
1787997276 241756 232872
1787997277 241756 232872
1787997278 241756 232872
1787997279 241756 232872
1787997280 241756 232872
1787997281 241756 232872
1787997282 213780 204896
1787997283 125764 116880
1787997284 125764 116880
1787997285 125764 116880
1787997286 125764 116880
1787997287 125764 116880
1787997288 129216 120332
1787997289 129216 120332
1787997290 129216 120332
1787997291 129216 120332
1787997292 129216 120332
1787997293 129216 120332
1787997294 129216 120332
1787997295 129216 120332
1787997296 129216 120332
1787997297 129216 120332
1787997298 134620 125736
1787997298 JUMP +5404kB dumped
1787997299 134620 125736
1787997300 134620 125736
1787997301 134620 125736
1787997302 134620 125736
1787997303 134620 125736
1787997304 134620 125736
1787997305 134620 125736
1787997306 134620 125736
1787997307 134620 125736
1787997308 134620 125736
1787997309 134620 125736
1787997310 134620 125736
1787997311 134620 125736
1787997312 134620 125736
1787997313 134620 125736
1787997314 134620 125736
1787997315 134620 125736
1787997316 134620 125736
1787997317 134620 125736
1787997318 137780 128896
1787997319 137780 128896
1787997320 137780 128896
1787997321 137780 128896
1787997322 137780 128896
1787997323 137780 128896
1787997324 137780 128896
1787997325 137780 128896
1787997326 137780 128896
1787997327 137780 128896
1787997328 140916 132032
1787997329 140916 132032
1787997330 140916 132032
1787997331 140916 132032
1787997332 140916 132032
1787997333 140916 132032
1787997334 140916 132032
1787997335 140916 132032
1787997336 140916 132032
1787997337 140916 132032
1787997338 142388 133504
1787997339 142388 133504
1787997340 142388 133504
1787997341 142388 133504
1787997342 142388 133504
1787997343 142388 133504
1787997344 142388 133504
1787997345 142388 133504
1787997346 142388 133504
1787997347 142388 133504
1787997348 142388 133504
1787997349 142388 133504
1787997350 142388 133504
1787997351 142388 133504
1787997352 142388 133504
1787997353 142388 133504
1787997354 142388 133504
1787997355 142388 133504
1787997356 142388 133504
1787997357 142388 133504
1787997358 142388 133504
1787997359 144500 135616
1787997360 144500 135616
1787997361 144500 135616
1787997362 144500 135616
1787997363 144500 135616
1787997364 144500 135616
1787997365 144500 135616
1787997366 144500 135616
1787997367 144500 135616
1787997368 144500 135616
1787997369 144500 135616
1787997370 144500 135616
1787997371 144500 135616
1787997372 144500 135616
1787997373 144500 135616
1787997374 144500 135616
1787997375 144500 135616
1787997376 144500 135616
1787997377 144500 135616
1787997378 144500 135616
1787997380 144500 135616
1787997381 144500 135616
1787997382 144500 135616
1787997383 144500 135616
1787997384 144500 135616
1787997385 144500 135616
1787997386 144500 135616
1787997387 144500 135616
1787997388 144500 135616
1787997389 144500 135616
1787997390 144500 135616
1787997391 144500 135616
1787997392 144500 135616
1787997393 144500 135616
1787997394 144500 135616
1787997395 144500 135616
1787997396 144500 135616
1787997397 144500 135616
1787997398 144500 135616
1787997399 144500 135616
1787997400 144500 135616
1787997401 144500 135616
1787997402 144500 135616
1787997403 144500 135616
1787997404 144500 135616
1787997405 144500 135616
1787997406 144500 135616
1787997407 144500 135616
1787997408 144500 135616
1787997409 144500 135616
1787997410 144500 135616
1787997411 144500 135616
1787997412 144500 135616
1787997413 144500 135616
1787997414 144500 135616
1787997415 144500 135616
1787997416 144500 135616
1787997417 144500 135616
1787997418 144500 135616
1787997419 144500 135616
1787997420 144496 135612
1787997421 144496 135612
1787997422 144496 135612
1787997423 144496 135612
1787997424 144496 135612
1787997425 144496 135612
1787997426 144496 135612
1787997427 144496 135612
1787997428 144496 135612
1787997429 144496 135612
1787997430 144496 135612
1787997431 144496 135612
1787997432 144496 135612
1787997433 144496 135612
1787997434 144496 135612
1787997435 144496 135612
1787997436 144496 135612
1787997437 144496 135612
1787997438 144496 135612
1787997439 144496 135612
1787997440 144496 135612
1787997441 144496 135612
1787997442 144496 135612
1787997443 144496 135612
1787997444 144496 135612
1787997445 144496 135612
1787997446 144496 135612
1787997447 144496 135612
1787997448 144496 135612
1787997449 144496 135612
1787997450 144496 135612
1787997451 144496 135612
1787997452 144496 135612
1787997453 144496 135612
1787997454 144496 135612
1787997455 144496 135612
1787997456 144496 135612
1787997457 144496 135612
1787997458 144496 135612
1787997459 144496 135612
1787997460 144496 135612
1787997461 144496 135612
1787997462 144496 135612
1787997463 144496 135612
1787997464 144496 135612
1787997465 144496 135612
1787997466 144496 135612
1787997467 144496 135612
1787997468 144496 135612
1787997469 144496 135612
1787997470 144496 135612
1787997471 144496 135612
1787997472 144496 135612
1787997473 144496 135612
1787997474 144496 135612
1787997475 144496 135612
1787997476 144496 135612
1787997477 144496 135612
1787997478 144496 135612
1787997479 144496 135612
1787997480 144496 135612
1787997481 144496 135612
1787997482 144496 135612
1787997483 144496 135612
1787997484 144496 135612
1787997485 144496 135612
1787997486 144496 135612
1787997487 144496 135612
1787997488 144496 135612
1787997489 144496 135612
1787997490 144496 135612
1787997491 144496 135612
1787997492 144496 135612
1787997493 144496 135612
1787997494 144496 135612
1787997495 144496 135612
1787997496 144496 135612
1787997497 144496 135612
1787997498 144496 135612
1787997499 144496 135612
1787997500 144496 135612
1787997502 144496 135612
1787997503 144496 135612
1787997504 144496 135612
1787997505 144496 135612
1787997506 144496 135612
1787997507 144496 135612
1787997508 144496 135612
1787997509 144524 135640
1787997510 144524 135640
1787997511 144524 135640
1787997512 144524 135640
1787997513 144524 135640
1787997514 144524 135640
1787997515 144524 135640
1787997516 144524 135640
1787997517 144524 135640
1787997518 144524 135640
1787997519 133416 124532
1787997520 133416 124532
1787997521 133416 124532
1787997522 133416 124532
1787997523 133416 124532
1787997524 133416 124532
1787997525 133416 124532
1787997526 133416 124532
1787997527 133416 124532
1787997528 133416 124532
1787997529 133416 124532
1787997530 133416 124532
1787997531 133416 124532
1787997532 133416 124532
1787997533 133416 124532
1787997534 133416 124532
1787997535 133416 124532
1787997536 133416 124532
1787997537 133416 124532
1787997538 133416 124532
1787997539 133416 124532
1787997540 133416 124532
1787997541 133416 124532
1787997542 133416 124532
1787997543 133416 124532
1787997544 133416 124532
1787997545 133416 124532
1787997546 133416 124532
1787997547 133416 124532
1787997548 133416 124532
1787997549 133416 124532
1787997550 133416 124532
1787997551 133416 124532
1787997552 133416 124532
1787997553 133416 124532
1787997554 133416 124532
1787997555 133416 124532
1787997556 133416 124532
1787997557 133416 124532
1787997558 133416 124532
1787997559 133416 124532
1787997560 133416 124532
1787997561 133416 124532
1787997562 133416 124532
1787997563 133416 124532
1787997564 133416 124532
1787997565 133416 124532
1787997566 133416 124532
1787997567 133416 124532
1787997568 133416 124532
1787997569 133416 124532
1787997570 133416 124532
1787997571 133416 124532
1787997572 133416 124532
1787997573 133416 124532
1787997574 133416 124532
1787997575 133416 124532
1787997576 133416 124532
1787997577 133416 124532
1787997578 133416 124532
1787997579 133416 124532
1787997580 133416 124532
1787997581 133416 124532
1787997582 133416 124532
1787997583 133416 124532
1787997584 133416 124532
1787997585 133416 124532
1787997586 133416 124532
1787997587 133416 124532
1787997588 133416 124532
1787997589 133416 124532
1787997590 133416 124532
1787997591 133416 124532
1787997592 133416 124532
1787997593 133416 124532
1787997594 133416 124532
1787997595 133416 124532
1787997596 133416 124532
1787997597 133416 124532
1787997598 133416 124532
1787997599 133416 124532
1787997600 133416 124532
1787997601 133416 124532
1787997602 133416 124532
1787997603 133416 124532
1787997605 133416 124532
1787997606 133416 124532
1787997607 133416 124532
1787997608 133416 124532
1787997609 133416 124532
1787997610 133416 124532
1787997611 133416 124532
1787997612 133416 124532
1787997613 133416 124532
1787997614 133416 124532
1787997615 133416 124532
