### p4 ###
#18 42.63    Compiling fah-http v0.3.1 (/build/crates/fah-http)
#18 67.04    Compiling fastadhunter v0.3.1 (/build/crates/fastadhunter)
#18 172.5     Finished `release` profile [optimized] target(s) in 2m 52s
#18 172.5   Executable tests/encrypted_latency.rs (target-harness/release/deps/encrypted_latency-214d1d71fe7fa52c)
#18 DONE 172.5s

#10 [stage-1 1/4] FROM gcr.io/distroless/static-debian12:nonroot@sha256:afa5c872c891853ca7fcf1f12c3edb23f7eeef36189728842dd51042ff57f7ab
#10 CACHED

#19 [stage-1 2/4] COPY --from=builder /build/target/release/fastadhunter /fah-probe
#19 DONE 0.0s

#20 [stage-1 3/4] COPY --from=builder /out/fah-p4 /fah-p4
#20 DONE 0.0s

#21 [stage-1 4/4] COPY --from=builder --chown=65532:65532 /seed/tmp /tmp
#21 DONE 0.0s

#22 exporting to image
#22 exporting layers
#22 exporting layers 0.4s done
#22 exporting manifest sha256:3e307e6fe3e120a54c1a2b0e02768f5521dbaa1bf62e2f159e848ed8c5599b06 done
#22 exporting config sha256:679fa118a8a396a432e76e536fdd672ae0e1c50b7eec03ce656fa84480de2df6 done
#22 exporting attestation manifest sha256:6fc6dadf2be6bf65eac529ae997383c6296ddf77e5360e2bae6dad279630a090 done
#22 exporting manifest list sha256:e306f5de0483d60436eb2b295c6ce894c5fe42bfe4c0d1118c2ac3ab721cd9ab done
#22 naming to docker.io/library/fah-p4:smoke done
#22 unpacking to docker.io/library/fah-p4:smoke 0.1s done
#22 DONE 0.6s

View build details: docker-desktop://dashboard/build/desktop-linux/desktop-linux/unn0h0gc4tkg7kddgqijv7yfs
### splicebench ###
#17 34.14    Compiling rustls-webpki v0.103.13
#17 34.14    Compiling x509-parser v0.18.1
#17 35.09    Compiling rcgen v0.14.8
#17 38.06    Compiling tokio-rustls v0.26.4
#17 38.06    Compiling rustls-platform-verifier v0.7.0
#17 38.06    Compiling fah-certs v0.3.1 (/build/crates/fah-certs)
#17 38.25    Compiling hyper-rustls v0.27.9
#17 38.39    Compiling reqwest v0.13.4
#17 39.85    Compiling fah-rules v0.3.1 (/build/crates/fah-rules)
#17 40.92    Compiling fah-http v0.3.1 (/build/crates/fah-http)
#17 72.45     Finished `release` profile [optimized] target(s) in 1m 10s
#17 DONE 72.6s

#9 [stage-1 1/2] FROM gcr.io/distroless/static-debian12:nonroot@sha256:afa5c872c891853ca7fcf1f12c3edb23f7eeef36189728842dd51042ff57f7ab
#9 CACHED

#18 [stage-1 2/2] COPY --from=builder /build/target/release/examples/splicebench /fah-splicebench
#18 DONE 0.0s

#19 exporting to image
#19 exporting layers 0.2s done
#19 exporting manifest sha256:ab33d05447ca1d6f560e37ef90c2e9d10135ce639e9139947237559c2f48e65d 0.0s done
#19 exporting config sha256:8864fda5159aa2786289d928fa5575e84f5f2fd250e564a5dc7f76a4c7a56d5d done
#19 exporting attestation manifest sha256:e2e6e9e19f3a792d404fc86301e55ca27a9e63aecb00488b9b4484b3264674f7 0.0s done
#19 exporting manifest list sha256:fa6a26fea7ec44a5664d32b36d28fda127724e33f2bb4bc5b25bbc7ba089e180 done
#19 naming to docker.io/library/fah-splicebench:smoke done
#19 unpacking to docker.io/library/fah-splicebench:smoke 0.0s done
#19 DONE 0.3s

View build details: docker-desktop://dashboard/build/desktop-linux/desktop-linux/kurkzj0h7gbd4luk2qe4m780x
### fahprobe ###
#24 [frontend 5/6] COPY dashboard/frontend/ ./
#24 CACHED

#25 [frontend 6/6] RUN npm run build && mkdir -p /web && cp -R dist/. /web/
#25 CACHED

#26 [stage-2 2/5] COPY --from=builder /build/target/release/fastadhunter /fah-probe
#26 DONE 0.0s

#27 [stage-2 3/5] COPY --from=builder --chown=65532:65532 /seed/config /config
#27 DONE 0.0s

#28 [stage-2 4/5] COPY --from=builder --chown=65532:65532 /seed/data /data
#28 DONE 0.0s

#29 [stage-2 5/5] COPY --from=frontend /web /web
#29 DONE 0.1s

#30 exporting to image
#30 exporting layers
#30 exporting layers 0.4s done
#30 exporting manifest sha256:cf660bcce570bb8e4244829378deffd8c1feca48a70c30dac9bd30f3310b6f62 done
#30 exporting config sha256:f14f0a6f1073bedbc326665298be50f642fbb94219ad456772f024e1d82017cd done
#30 exporting attestation manifest sha256:0b69c22f002b045040106804f0dc6406dbc861a076faf66ec8e56dcb8a76b3b2 0.0s done
#30 exporting manifest list sha256:52ec3f9fff00bd9e1c54ca3d2c63fe47222d600715a51ab28f8a70222ff21811 done
#30 naming to docker.io/library/fah-probe:smoke done
#30 unpacking to docker.io/library/fah-probe:smoke 0.1s done
#30 DONE 0.6s

View build details: docker-desktop://dashboard/build/desktop-linux/desktop-linux/dnljb2vzoluwfd966uqwe127i
