2026-09-08T17:16:11.108Z [sni] == sni start 2026-09-08T17:16:11.074Z tip=7ae474aec5f9 out=campaign2/sni-20260908T171611Z
2026-09-08T17:16:11.109Z [sni] args {"probe":"172.17.0.4","api-port":8443,"key":"<set>","out":"campaign2/sni-20260908T171611Z","tip":null,"allow-busy":false,"skip-host-checks":false,"blocked":"analytics.google.com","allowed":"example.com","port":8444,"attempts":5,"timeout":5000}
2026-09-08T17:16:11.540Z [sni] Get-NetConnectionProfile: Ethernet                Public
2026-09-08T17:16:12.116Z [sni] idle check: PASS (recorded; each stage decides)
2026-09-08T17:16:12.128Z [sni] GET /health -> 200 {"status":"ok","version":"0.3.3","uptime_seconds":265}
2026-09-08T17:16:12.135Z [sni] config snapshot -> campaign2\sni-20260908T171611Z\config.json
2026-09-08T17:16:12.135Z [sni] engine.mode = dns+http+https
2026-09-08T17:16:12.135Z [sni] runtime.http_runtimes = 2 (every HTTPS figure records it — plan §The N axis)
2026-09-08T17:16:12.135Z [sni] https.sni.no_sni = pass
2026-09-08T17:16:12.142Z [sni] blocked  #1 closed_silent bytes=0 close=1.512ms
2026-09-08T17:16:12.154Z [sni] allowed  #1 server_hello  bytes=2880 close=11.921ms
2026-09-08T17:16:12.159Z [sni] no_sni   #1 closed_silent bytes=0 close=1.211ms
2026-09-08T17:16:12.161Z [sni] blocked  #2 closed_silent bytes=0 close=1.29ms
2026-09-08T17:16:12.174Z [sni] allowed  #2 server_hello  bytes=3933 close=13.012ms
2026-09-08T17:16:12.176Z [sni] no_sni   #2 closed_silent bytes=0 close=1.298ms
2026-09-08T17:16:12.178Z [sni] blocked  #3 closed_silent bytes=0 close=1.377ms
2026-09-08T17:16:12.193Z [sni] allowed  #3 server_hello  bytes=3934 close=13.984ms
2026-09-08T17:16:12.195Z [sni] no_sni   #3 closed_silent bytes=0 close=1.642ms
2026-09-08T17:16:12.197Z [sni] blocked  #4 closed_silent bytes=0 close=1.528ms
2026-09-08T17:16:12.216Z [sni] allowed  #4 server_hello  bytes=3933 close=18.833ms
2026-09-08T17:16:12.219Z [sni] no_sni   #4 closed_silent bytes=0 close=1.714ms
2026-09-08T17:16:12.221Z [sni] blocked  #5 closed_silent bytes=0 close=1.662ms
2026-09-08T17:16:12.239Z [sni] allowed  #5 server_hello  bytes=3933 close=17.06ms
2026-09-08T17:16:12.242Z [sni] no_sni   #5 closed_silent bytes=0 close=1.893ms
2026-09-08T17:16:12.250Z [sni] listeners.https delta {"connections":15,"requests":15,"blocked":5,"refused_claim":0,"refused_destination":0,"resolve_failures":0,"upstream_failures":0,"upstream_cert_failures":0,"non_http":0,"non_tls":0,"hello_timeouts":0,"dropped_events":0}
2026-09-08T17:16:12.251Z [sni] wrote campaign2\sni-20260908T171611Z\sni.json
2026-09-08T17:16:12.251Z [sni] GATE {"statistic":"every blocked and no-SNI attempt closed before a certificate (boolean)","blocked_closed":true,"no_sni_closed":true,"allowed_opened":true,"pass":true}
2026-09-08T17:16:12.252Z [sni] == sni done (valid)
ni-20260908T171611Z\sni.json
2026-09-08T17:16:12.251Z [sni] GATE {"statistic":"every blocked and no-SNI attempt closed before a certificate (boolean)","blocked_closed":true,"no_sni_closed":true,"allowed_opened":true,"pass":true}
2026-09-08T17:16:12.252Z [sni] == sni done (valid)
