2026-09-03T18:48:35.336Z [sni] == sni start 2026-09-03T18:48:35.300Z tip=92e3f4a9b930-dirty out=docs/code-review/phase3/p3-06-probe/smoke-20260903T1844Z/layer1-a
2026-09-03T18:48:35.337Z [sni] args {"probe":"127.0.0.1","api-port":8443,"key":"<set>","out":"docs/code-review/phase3/p3-06-probe/smoke-20260903T1844Z/layer1-a","tip":null,"allow-busy":false,"skip-host-checks":false,"blocked":"ads.smoke.test","allowed":"example.com","port":8444,"attempts":5,"timeout":5000}
2026-09-03T18:48:35.899Z [sni] Get-NetConnectionProfile: Ethernet                Public
2026-09-03T18:48:36.342Z [sni] idle check: PASS (recorded; each stage decides)
2026-09-03T18:48:36.350Z [sni] GET /health -> 200 {"status":"ok","version":"0.3.1","uptime_seconds":89}
2026-09-03T18:48:36.356Z [sni] config snapshot -> docs\code-review\phase3\p3-06-probe\smoke-20260903T1844Z\layer1-a\config.json
2026-09-03T18:48:36.356Z [sni] engine.mode = dns+http+https
2026-09-03T18:48:36.356Z [sni] https.sni.no_sni = pass
2026-09-03T18:48:36.361Z [sni] blocked  #1 closed_silent bytes=0 close=0.718ms
2026-09-03T18:48:36.372Z [sni] allowed  #1 server_hello  bytes=3934 close=9.987ms
2026-09-03T18:48:36.373Z [sni] no_sni   #1 closed_silent bytes=0 close=0.368ms
2026-09-03T18:48:36.373Z [sni] blocked  #2 closed_silent bytes=0 close=0.319ms
2026-09-03T18:48:36.398Z [sni] allowed  #2 server_hello  bytes=3933 close=23.949ms
2026-09-03T18:48:36.398Z [sni] no_sni   #2 closed_silent bytes=0 close=0.391ms
2026-09-03T18:48:36.399Z [sni] blocked  #3 closed_silent bytes=0 close=0.38ms
2026-09-03T18:48:36.419Z [sni] allowed  #3 server_hello  bytes=3934 close=19.849ms
2026-09-03T18:48:36.420Z [sni] no_sni   #3 closed_silent bytes=0 close=0.502ms
2026-09-03T18:48:36.421Z [sni] blocked  #4 closed_silent bytes=0 close=0.42ms
2026-09-03T18:48:36.429Z [sni] allowed  #4 server_hello  bytes=3935 close=7.583ms
2026-09-03T18:48:36.431Z [sni] no_sni   #4 closed_silent bytes=0 close=0.618ms
2026-09-03T18:48:36.432Z [sni] blocked  #5 closed_silent bytes=0 close=0.507ms
2026-09-03T18:48:36.452Z [sni] allowed  #5 server_hello  bytes=1452 close=20.178ms
2026-09-03T18:48:36.453Z [sni] no_sni   #5 closed_silent bytes=0 close=0.4ms
2026-09-03T18:48:36.455Z [sni] listeners.https delta {"connections":15,"requests":15,"blocked":5,"refused_claim":0,"refused_destination":0,"resolve_failures":0,"upstream_failures":0,"upstream_cert_failures":0,"non_http":0,"non_tls":0,"hello_timeouts":0,"dropped_events":0}
2026-09-03T18:48:36.456Z [sni] wrote docs\code-review\phase3\p3-06-probe\smoke-20260903T1844Z\layer1-a\sni.json
2026-09-03T18:48:36.456Z [sni] GATE {"statistic":"every blocked and no-SNI attempt closed before a certificate (boolean)","blocked_closed":true,"no_sni_closed":true,"allowed_opened":true,"pass":true}
2026-09-03T18:48:36.456Z [sni] == sni done (valid)
2026-09-03T18:49:34.121Z [p1] == p1 start 2026-09-03T18:49:34.084Z tip=92e3f4a9b930-dirty out=docs/code-review/phase3/p3-06-probe/smoke-20260903T1844Z/layer1-a
2026-09-03T18:49:34.122Z [p1] args {"probe":"127.0.0.1","api-port":8443,"key":"<set>","out":"docs/code-review/phase3/p3-06-probe/smoke-20260903T1844Z/layer1-a","tip":null,"allow-busy":false,"skip-host-checks":false,"origin":"127-0-0-1.nip.io","origin-ip":null,"origin-port":4443,"origin-cert":"p1.crt","port":8444,"bytes":8,"runs":5,"connections":1,"direct":true,"control":null,"profile-share":null,"timeout":120000,"max-fail-pct":2}
2026-09-03T18:49:34.418Z [p1] Get-NetConnectionProfile: Ethernet                Public
2026-09-03T18:49:34.820Z [p1] idle check: PASS (recorded; each stage decides)
2026-09-03T18:49:34.828Z [p1] GET /health -> 200 {"status":"ok","version":"0.3.1","uptime_seconds":148}
2026-09-03T18:49:34.831Z [p1] engine.mode = dns+http+https
2026-09-03T18:49:34.836Z [p1] origin 127-0-0-1.nip.io resolves locally to 127.0.0.1
2026-09-03T18:49:34.836Z [p1] arm=p1_control target=127.0.0.1:4443 sni=127-0-0-1.nip.io expected=8 MiB x 1 conn x 5 runs
2026-09-03T18:49:34.873Z [p1] run 1: ok=1/1 steady=294.258 MiB/s total=232.592 aggregate=294.256 hs=3.087ms
2026-09-03T18:49:34.886Z [p1] run 2: ok=1/1 steady=1331.78 MiB/s total=763.65 aggregate=1331.846 hs=0.771ms
2026-09-03T18:49:34.930Z [p1] run 3: ok=1/1 steady=208.937 MiB/s total=186.986 aggregate=208.935 hs=0.77ms
2026-09-03T18:49:34.942Z [p1] run 4: ok=1/1 steady=1158.916 MiB/s total=688.705 aggregate=1158.933 hs=0.939ms
2026-09-03T18:49:34.955Z [p1] run 5: ok=1/1 steady=1151.576 MiB/s total=686.695 aggregate=1151.51 hs=0.874ms
2026-09-03T18:49:34.957Z [p1] wrote docs\code-review\phase3\p3-06-probe\smoke-20260903T1844Z\layer1-a\p1-control.json
2026-09-03T18:49:34.957Z [p1] GATE {"statistic":"none — this arm is the band","band":{"min":208.937,"p50":1151.576,"max":1331.78}}
2026-09-03T18:49:34.957Z [p1] == p1 done (valid)
2026-09-03T18:49:41.230Z [p1] == p1 start 2026-09-03T18:49:41.192Z tip=92e3f4a9b930-dirty out=docs/code-review/phase3/p3-06-probe/smoke-20260903T1844Z/layer1-a
2026-09-03T18:49:41.231Z [p1] args {"probe":"127.0.0.1","api-port":8443,"key":"<set>","out":"docs/code-review/phase3/p3-06-probe/smoke-20260903T1844Z/layer1-a","tip":null,"allow-busy":false,"skip-host-checks":false,"origin":"127-0-0-1.nip.io","origin-ip":null,"origin-port":443,"origin-cert":"p1.crt","port":8444,"bytes":8,"runs":5,"connections":1,"direct":false,"control":null,"profile-share":null,"timeout":120000,"max-fail-pct":2}
2026-09-03T18:49:41.498Z [p1] Get-NetConnectionProfile: Ethernet                Public
2026-09-03T18:49:41.903Z [p1] idle check: PASS (recorded; each stage decides)
2026-09-03T18:49:41.911Z [p1] GET /health -> 200 {"status":"ok","version":"0.3.1","uptime_seconds":155}
2026-09-03T18:49:41.914Z [p1] engine.mode = dns+http+https
2026-09-03T18:49:41.919Z [p1] origin 127-0-0-1.nip.io resolves locally to 127.0.0.1
2026-09-03T18:49:41.919Z [p1] egress.allow_destinations = ["127.0.0.0/8"]
2026-09-03T18:49:41.920Z [p1] arm=spliced target=127.0.0.1:8444 sni=127-0-0-1.nip.io expected=8 MiB x 1 conn x 5 runs
2026-09-03T18:49:41.948Z [p1] run 1: ok=1/1 steady=904.67 MiB/s total=335.627 aggregate=904.701 hs=10.709ms
2026-09-03T18:49:42.013Z [p1] run 2: ok=1/1 steady=193.489 MiB/s total=128.557 aggregate=193.489 hs=16.51ms
2026-09-03T18:49:42.030Z [p1] run 3: ok=1/1 steady=1151.908 MiB/s total=517.967 aggregate=1151.891 hs=3.324ms
2026-09-03T18:49:42.066Z [p1] run 4: ok=1/1 steady=455.425 MiB/s total=233.216 aggregate=455.43 hs=12.37ms
2026-09-03T18:49:42.088Z [p1] run 5: ok=1/1 steady=954.654 MiB/s total=387.992 aggregate=954.677 hs=7.726ms
2026-09-03T18:49:42.091Z [p1] listeners.https delta {"connections":5,"requests":5,"blocked":0,"refused_claim":0,"refused_destination":0,"resolve_failures":0,"upstream_failures":0,"upstream_cert_failures":0,"non_http":0,"non_tls":0,"hello_timeouts":0,"dropped_events":0}
2026-09-03T18:49:42.092Z [p1] wrote docs\code-review\phase3\p3-06-probe\smoke-20260903T1844Z\layer1-a\p1.json
2026-09-03T18:49:42.092Z [p1] GATE {"statistic":"median of runs steady MiB/s >= 100 and inside P1-control min-max","median_steady_mib_s":904.67,"at_least_100":true,"band":null,"inside_band":"not evaluated (--control absent)","pass":null}
2026-09-03T18:49:42.092Z [p1] == p1 done (valid)
2026-09-03T18:49:56.388Z [p1] == p1 start 2026-09-03T18:49:56.351Z tip=92e3f4a9b930-dirty out=docs/code-review/phase3/p3-06-probe/smoke-20260903T1844Z/layer1-a
2026-09-03T18:49:56.389Z [p1] args {"probe":"127.0.0.1","api-port":8443,"key":"<set>","out":"docs/code-review/phase3/p3-06-probe/smoke-20260903T1844Z/layer1-a","tip":null,"allow-busy":false,"skip-host-checks":false,"origin":"127-0-0-1.nip.io","origin-ip":null,"origin-port":443,"origin-cert":"p1.crt","port":8444,"bytes":8,"runs":5,"connections":8,"direct":false,"control":null,"profile-share":null,"timeout":120000,"max-fail-pct":2}
2026-09-03T18:49:56.702Z [p1] Get-NetConnectionProfile: Ethernet                Public
2026-09-03T18:49:57.077Z [p1] idle check: PASS (recorded; each stage decides)
2026-09-03T18:49:57.085Z [p1] GET /health -> 200 {"status":"ok","version":"0.3.1","uptime_seconds":170}
2026-09-03T18:49:57.088Z [p1] engine.mode = dns+http+https
2026-09-03T18:49:57.094Z [p1] origin 127-0-0-1.nip.io resolves locally to 127.0.0.1
2026-09-03T18:49:57.094Z [p1] egress.allow_destinations = ["127.0.0.0/8"]
2026-09-03T18:49:57.095Z [p1] arm=aggregate target=127.0.0.1:8444 sni=127-0-0-1.nip.io expected=8 MiB x 8 conn x 5 runs
2026-09-03T18:49:57.175Z [p1] run 1: ok=8/8 steady=- MiB/s total=- aggregate=996.154 hs=10.496ms
2026-09-03T18:49:57.276Z [p1] run 2: ok=8/8 steady=- MiB/s total=- aggregate=713.274 hs=4.977ms
2026-09-03T18:49:57.347Z [p1] run 3: ok=8/8 steady=- MiB/s total=- aggregate=1069.955 hs=4.624ms
2026-09-03T18:49:57.448Z [p1] run 4: ok=8/8 steady=- MiB/s total=- aggregate=994.527 hs=30.367ms
2026-09-03T18:49:57.532Z [p1] run 5: ok=8/8 steady=- MiB/s total=- aggregate=1114.09 hs=18.885ms
2026-09-03T18:49:57.534Z [p1] listeners.https delta {"connections":40,"requests":40,"blocked":0,"refused_claim":0,"refused_destination":0,"resolve_failures":0,"upstream_failures":0,"upstream_cert_failures":0,"non_http":0,"non_tls":0,"hello_timeouts":0,"dropped_events":0}
2026-09-03T18:49:57.535Z [p1] degraded: aggregate arm without a /tool/profile share (--profile-share): throughput of the loop only
2026-09-03T18:49:57.538Z [p1] wrote docs\code-review\phase3\p3-06-probe\smoke-20260903T1844Z\layer1-a\p1-aggregate.json
2026-09-03T18:49:57.538Z [p1] GATE (degraded, not a gate) {"statistic":"none — aggregate arm is diagnostic; CPU axis from /tool/profile","aggregate_median_mib_s":996.154,"profile_share":null}
2026-09-03T18:49:57.538Z [p1] == p1 done (degraded)
2026-09-03T18:50:14.888Z [p4-lan] == p4-lan start 2026-09-03T18:50:14.852Z tip=92e3f4a9b930-dirty out=docs/code-review/phase3/p3-06-probe/smoke-20260903T1844Z/layer1-a
2026-09-03T18:50:14.889Z [p4-lan] args {"probe":"127.0.0.1","api-port":8443,"key":"<set>","out":"docs/code-review/phase3/p3-06-probe/smoke-20260903T1844Z/layer1-a","tip":null,"allow-busy":false,"skip-host-checks":false,"domain":"ads.smoke.test","dot-host":"dns.smoke.test","dns-port":5300,"dot-port":8853,"queries":200,"rounds":1,"timeout":2000}
2026-09-03T18:50:15.173Z [p4-lan] Get-NetConnectionProfile: Ethernet                Public
2026-09-03T18:50:15.588Z [p4-lan] idle check: PASS (recorded; each stage decides)
2026-09-03T18:50:15.596Z [p4-lan] GET /health -> 200 {"status":"ok","version":"0.3.1","uptime_seconds":188}
2026-09-03T18:50:15.599Z [p4-lan] engine.mode = dns+http+https
2026-09-03T18:50:15.599Z [p4-lan] dns.listen.dot_enabled=true doh_enabled=true
2026-09-03T18:50:15.610Z [p4-lan] round 1 udp p50=0.033 p99=0.138 ms n=200 unanswered=0 unmatched=0 wall=10.21ms hs=-
2026-09-03T18:50:16.138Z [p4-lan] round 1 dot p50=0.033 p99=0.223 ms n=200 unanswered=0 unmatched=0 wall=13.073ms hs=11.356
2026-09-03T18:50:16.683Z [p4-lan] round 1 doh p50=0.14 p99=0.851 ms n=200 unanswered=0 unmatched=0 wall=37.205ms hs=6.676
2026-09-03T18:50:17.188Z [p4-lan] wrote docs\code-review\phase3\p3-06-probe\smoke-20260903T1844Z\layer1-a\p4-lan.json
2026-09-03T18:50:17.189Z [p4-lan] GATE {"statistic":"none — diagnostic","dot_p50_minus_udp_p50_ms":0,"doh_p50_minus_udp_p50_ms":0.107}
2026-09-03T18:50:17.189Z [p4-lan] == p4-lan done (valid)
2026-09-03T18:50:40.844Z [p6] == p6 start 2026-09-03T18:50:40.806Z tip=92e3f4a9b930-dirty out=docs/code-review/phase3/p3-06-probe/smoke-20260903T1844Z/layer1-a
2026-09-03T18:50:40.845Z [p6] args {"probe":"127.0.0.1","api-port":8443,"key":"<set>","out":"docs/code-review/phase3/p3-06-probe/smoke-20260903T1844Z/layer1-a","tip":null,"allow-busy":false,"skip-host-checks":false,"generate":2,"import":2,"cert":"p1.crt","key-file":"p1.key","ca-archive-count":0,"api-archive-count":0,"ca-out":null}
2026-09-03T18:50:41.166Z [p6] Get-NetConnectionProfile: Ethernet                Public
2026-09-03T18:50:41.577Z [p6] idle check: PASS (recorded; each stage decides)
2026-09-03T18:50:41.584Z [p6] GET /health -> 200 {"status":"ok","version":"0.3.1","uptime_seconds":214}
2026-09-03T18:50:41.587Z [p6] engine.mode = dns+http+https
2026-09-03T18:50:41.589Z [p6] before: ca={"present":true,"fingerprint_sha256":"FD:25:14:69:9B:7C:6D:FB:9E:76:B1:BF:E9:88:E7:D6:0F:FA:92:8D:38:39:15:65:7E:A8:EF:61:02:0B:B2:7F","not_before":"2026-09-02T18:47:19Z","not_after":"2036-08-30T18:47:19Z","subject":"CN=FastAdHunter CA"} api_certificate={"source":"self_signed"}
2026-09-03T18:50:41.593Z [p6] ca/generate #1: 200 starttransfer-appconnect=2.38 ms total=3.962 ms
2026-09-03T18:50:41.599Z [p6] ca/generate #2: 200 starttransfer-appconnect=4.146 ms total=5.835 ms
2026-09-03T18:50:41.604Z [p6] import #1: 200 starttransfer-appconnect=2.753 ms total=4.387 ms
2026-09-03T18:50:41.609Z [p6] import #2: 200 starttransfer-appconnect=2.649 ms total=4.277 ms
2026-09-03T18:50:41.611Z [p6] after: ca={"present":true,"fingerprint_sha256":"00:DC:DD:65:61:9E:27:EA:69:37:15:FC:0E:B3:64:CD:49:13:17:24:6D:CB:FA:D0:75:63:6F:C8:8C:94:DB:5F","not_before":"2026-09-02T18:50:41Z","not_after":"2036-08-30T18:50:41Z","subject":"CN=FastAdHunter CA"} api_certificate={"source":"imported"}
2026-09-03T18:50:41.613Z [p6] re-exported CA -> docs\code-review\phase3\p3-06-probe\smoke-20260903T1844Z\layer1-a\ca-after-p6.pem (fingerprint 00:DC:DD:65:61:9E:27:EA:69:37:15:FC:0E:B3:64:CD:49:13:17:24:6D:CB:FA:D0:75:63:6F:C8:8C:94:DB:5F); every earlier export is invalid
2026-09-03T18:50:41.613Z [p6] wrote docs\code-review\phase3\p3-06-probe\smoke-20260903T1844Z\layer1-a\p6.json
2026-09-03T18:50:41.613Z [p6] GATE {"statistic":"median of starttransfer - appconnect: generate < 100 ms, import < 50 ms","generate_median_ms":4.146,"import_median_ms":2.753,"generate_pass":true,"import_pass":true,"pass":true}
2026-09-03T18:50:41.614Z [p6] == p6 done (valid)
2026-09-03T18:51:01.798Z [p7-store] == p7-store start 2026-09-03T18:51:01.759Z tip=92e3f4a9b930-dirty out=docs/code-review/phase3/p3-06-probe/smoke-20260903T1844Z/layer1-a
2026-09-03T18:51:01.798Z [p7-store] args {"probe":"127.0.0.1","api-port":8443,"key":"<set>","out":"docs/code-review/phase3/p3-06-probe/smoke-20260903T1844Z/layer1-a","tip":null,"allow-busy":false,"skip-host-checks":false,"ca-key":"smoke-config/ca-key.pem"}
2026-09-03T18:51:02.096Z [p7-store] Get-NetConnectionProfile: Ethernet                Public
2026-09-03T18:51:02.517Z [p7-store] idle check: PASS (recorded; each stage decides)
2026-09-03T18:51:02.524Z [p7-store] GET /health -> 200 {"status":"ok","version":"0.3.1","uptime_seconds":235}
2026-09-03T18:51:02.527Z [p7-store] engine.mode = dns+http+https
2026-09-03T18:51:02.530Z [p7-store] ca key: ec prime256v1, payload 184 base64 chars / 138 DER bytes
2026-09-03T18:51:02.533Z [p7-store] PASS ca/export?format=pem {"status":200,"content_type":"application/x-pem-file","blocks":["CERTIFICATE"],"leaks":[]}
2026-09-03T18:51:02.535Z [p7-store] PASS ca/export?format=der {"status":200,"content_type":"application/pkix-cert","bytes":382,"first_byte":48,"leaks":[]}
2026-09-03T18:51:02.537Z [p7-store] PASS /api/v1/config {"status":200,"leaks":[]}
2026-09-03T18:51:02.605Z [p7-store] PASS traversal list against the API listener {"paths":20,"requests":40,"served":{"spa_shell":0,"other_200":0,"rejected":40},"failing":[]}
2026-09-03T18:51:02.606Z [p7-store] wrote docs\code-review\phase3\p3-06-probe\smoke-20260903T1844Z\layer1-a\certs.json
2026-09-03T18:51:02.606Z [p7-store] GATE {"statistic":"every check pass","pass":true,"failing":[]}
2026-09-03T18:51:02.606Z [p7-store] == p7-store done (valid)
